Archive member included to satisfy reference by file (symbol)

/opt/ST/STM32CubeCLT_1.18.0/GNU-tools-for-STM32/bin/../lib/gcc/arm-none-eabi/13.3.1/../../../../arm-none-eabi/lib/thumb/v7-m/nofp/libc_nano.a(libc_a-exit.o)
                              /opt/ST/STM32CubeCLT_1.18.0/GNU-tools-for-STM32/bin/../lib/gcc/arm-none-eabi/13.3.1/../../../../arm-none-eabi/lib/thumb/v7-m/nofp/crt0.o (exit)
/opt/ST/STM32CubeCLT_1.18.0/GNU-tools-for-STM32/bin/../lib/gcc/arm-none-eabi/13.3.1/../../../../arm-none-eabi/lib/thumb/v7-m/nofp/libc_nano.a(libc_a-findfp.o)
                              /opt/ST/STM32CubeCLT_1.18.0/GNU-tools-for-STM32/bin/../lib/gcc/arm-none-eabi/13.3.1/../../../../arm-none-eabi/lib/thumb/v7-m/nofp/libc_nano.a(libc_a-exit.o) (__stdio_exit_handler)
/opt/ST/STM32CubeCLT_1.18.0/GNU-tools-for-STM32/bin/../lib/gcc/arm-none-eabi/13.3.1/../../../../arm-none-eabi/lib/thumb/v7-m/nofp/libc_nano.a(libc_a-fwalk.o)
                              /opt/ST/STM32CubeCLT_1.18.0/GNU-tools-for-STM32/bin/../lib/gcc/arm-none-eabi/13.3.1/../../../../arm-none-eabi/lib/thumb/v7-m/nofp/libc_nano.a(libc_a-findfp.o) (_fwalk_sglue)
/opt/ST/STM32CubeCLT_1.18.0/GNU-tools-for-STM32/bin/../lib/gcc/arm-none-eabi/13.3.1/../../../../arm-none-eabi/lib/thumb/v7-m/nofp/libc_nano.a(libc_a-memset.o)
                              /opt/ST/STM32CubeCLT_1.18.0/GNU-tools-for-STM32/bin/../lib/gcc/arm-none-eabi/13.3.1/../../../../arm-none-eabi/lib/thumb/v7-m/nofp/crt0.o (memset)
/opt/ST/STM32CubeCLT_1.18.0/GNU-tools-for-STM32/bin/../lib/gcc/arm-none-eabi/13.3.1/../../../../arm-none-eabi/lib/thumb/v7-m/nofp/libc_nano.a(libc_a-init.o)
                              /opt/ST/STM32CubeCLT_1.18.0/GNU-tools-for-STM32/bin/../lib/gcc/arm-none-eabi/13.3.1/../../../../arm-none-eabi/lib/thumb/v7-m/nofp/crt0.o (__libc_init_array)
/opt/ST/STM32CubeCLT_1.18.0/GNU-tools-for-STM32/bin/../lib/gcc/arm-none-eabi/13.3.1/../../../../arm-none-eabi/lib/thumb/v7-m/nofp/libc_nano.a(libc_a-lock.o)
                              /opt/ST/STM32CubeCLT_1.18.0/GNU-tools-for-STM32/bin/../lib/gcc/arm-none-eabi/13.3.1/../../../../arm-none-eabi/lib/thumb/v7-m/nofp/libc_nano.a(libc_a-findfp.o) (__retarget_lock_init_recursive)
/opt/ST/STM32CubeCLT_1.18.0/GNU-tools-for-STM32/bin/../lib/gcc/arm-none-eabi/13.3.1/../../../../arm-none-eabi/lib/thumb/v7-m/nofp/libc_nano.a(libc_a-impure.o)
                              /opt/ST/STM32CubeCLT_1.18.0/GNU-tools-for-STM32/bin/../lib/gcc/arm-none-eabi/13.3.1/../../../../arm-none-eabi/lib/thumb/v7-m/nofp/libc_nano.a(libc_a-findfp.o) (_impure_data)
/opt/ST/STM32CubeCLT_1.18.0/GNU-tools-for-STM32/bin/../lib/gcc/arm-none-eabi/13.3.1/../../../../arm-none-eabi/lib/thumb/v7-m/nofp/libc_nano.a(libc_a-mallocr.o)
                              /opt/ST/STM32CubeCLT_1.18.0/GNU-tools-for-STM32/bin/../lib/gcc/arm-none-eabi/13.3.1/../../../../arm-none-eabi/lib/thumb/v7-m/nofp/libc_nano.a(libc_a-findfp.o) (_malloc_r)
/opt/ST/STM32CubeCLT_1.18.0/GNU-tools-for-STM32/bin/../lib/gcc/arm-none-eabi/13.3.1/../../../../arm-none-eabi/lib/thumb/v7-m/nofp/libc_nano.a(libc_a-fflush.o)
                              /opt/ST/STM32CubeCLT_1.18.0/GNU-tools-for-STM32/bin/../lib/gcc/arm-none-eabi/13.3.1/../../../../arm-none-eabi/lib/thumb/v7-m/nofp/libc_nano.a(libc_a-findfp.o) (_fflush_r)
/opt/ST/STM32CubeCLT_1.18.0/GNU-tools-for-STM32/bin/../lib/gcc/arm-none-eabi/13.3.1/../../../../arm-none-eabi/lib/thumb/v7-m/nofp/libc_nano.a(libc_a-mlock.o)
                              /opt/ST/STM32CubeCLT_1.18.0/GNU-tools-for-STM32/bin/../lib/gcc/arm-none-eabi/13.3.1/../../../../arm-none-eabi/lib/thumb/v7-m/nofp/libc_nano.a(libc_a-mallocr.o) (__malloc_lock)
/opt/ST/STM32CubeCLT_1.18.0/GNU-tools-for-STM32/bin/../lib/gcc/arm-none-eabi/13.3.1/../../../../arm-none-eabi/lib/thumb/v7-m/nofp/libc_nano.a(libc_a-stdio.o)
                              /opt/ST/STM32CubeCLT_1.18.0/GNU-tools-for-STM32/bin/../lib/gcc/arm-none-eabi/13.3.1/../../../../arm-none-eabi/lib/thumb/v7-m/nofp/libc_nano.a(libc_a-findfp.o) (__sread)
/opt/ST/STM32CubeCLT_1.18.0/GNU-tools-for-STM32/bin/../lib/gcc/arm-none-eabi/13.3.1/../../../../arm-none-eabi/lib/thumb/v7-m/nofp/libc_nano.a(libc_a-lseekr.o)
                              /opt/ST/STM32CubeCLT_1.18.0/GNU-tools-for-STM32/bin/../lib/gcc/arm-none-eabi/13.3.1/../../../../arm-none-eabi/lib/thumb/v7-m/nofp/libc_nano.a(libc_a-stdio.o) (_lseek_r)
/opt/ST/STM32CubeCLT_1.18.0/GNU-tools-for-STM32/bin/../lib/gcc/arm-none-eabi/13.3.1/../../../../arm-none-eabi/lib/thumb/v7-m/nofp/libc_nano.a(libc_a-readr.o)
                              /opt/ST/STM32CubeCLT_1.18.0/GNU-tools-for-STM32/bin/../lib/gcc/arm-none-eabi/13.3.1/../../../../arm-none-eabi/lib/thumb/v7-m/nofp/libc_nano.a(libc_a-stdio.o) (_read_r)
/opt/ST/STM32CubeCLT_1.18.0/GNU-tools-for-STM32/bin/../lib/gcc/arm-none-eabi/13.3.1/../../../../arm-none-eabi/lib/thumb/v7-m/nofp/libc_nano.a(libc_a-sbrkr.o)
[...]
Memory Configuration

Name             Origin             Length             Attributes
RAM              0x20000000         0x00005000         xrw
FLASH            0x08000000         0x00010000         xr
*default*        0x00000000         0xffffffff

Linker script and memory map

LOAD /opt/ST/STM32CubeCLT_1.18.0/GNU-tools-for-STM32/bin/../lib/gcc/arm-none-eabi/13.3.1/thumb/v7-m/nofp/crti.o
LOAD /opt/ST/STM32CubeCLT_1.18.0/GNU-tools-for-STM32/bin/../lib/gcc/arm-none-eabi/13.3.1/thumb/v7-m/nofp/crtbegin.o
LOAD /opt/ST/STM32CubeCLT_1.18.0/GNU-tools-for-STM32/bin/../lib/gcc/arm-none-eabi/13.3.1/../../../../arm-none-eabi/lib/thumb/v7-m/nofp/crt0.o
START GROUP
LOAD /opt/ST/STM32CubeCLT_1.18.0/GNU-tools-for-STM32/bin/../lib/gcc/arm-none-eabi/13.3.1/../../../../arm-none-eabi/lib/thumb/v7-m/nofp/libc_nano.a
LOAD /opt/ST/STM32CubeCLT_1.18.0/GNU-tools-for-STM32/bin/../lib/gcc/arm-none-eabi/13.3.1/../../../../arm-none-eabi/lib/thumb/v7-m/nofp/libm.a
END GROUP
LOAD cmake/stm32cubemx/CMakeFiles/STM32_Drivers.dir/__/__/Core/Src/system_stm32f1xx.c.obj
LOAD cmake/stm32cubemx/CMakeFiles/STM32_Drivers.dir/__/__/Drivers/STM32F1xx_HAL_Driver/Src/stm32f1xx_hal_gpio_ex.c.obj
LOAD cmake/stm32cubemx/CMakeFiles/STM32_Drivers.dir/__/__/Drivers/STM32F1xx_HAL_Driver/Src/stm32f1xx_hal_pcd.c.obj
LOAD cmake/stm32cubemx/CMakeFiles/STM32_Drivers.dir/__/__/Drivers/STM32F1xx_HAL_Driver/Src/stm32f1xx_hal_pcd_ex.c.obj
LOAD cmake/stm32cubemx/CMakeFiles/STM32_Drivers.dir/__/__/Drivers/STM32F1xx_HAL_Driver/Src/stm32f1xx_ll_usb.c.obj
LOAD cmake/stm32cubemx/CMakeFiles/STM32_Drivers.dir/__/__/Drivers/STM32F1xx_HAL_Driver/Src/stm32f1xx_hal.c.obj
LOAD cmake/stm32cubemx/CMakeFiles/STM32_Drivers.dir/__/__/Drivers/STM32F1xx_HAL_Driver/Src/stm32f1xx_hal_rcc.c.obj
LOAD cmake/stm32cubemx/CMakeFiles/STM32_Drivers.dir/__/__/Drivers/STM32F1xx_HAL_Driver/Src/stm32f1xx_hal_rcc_ex.c.obj
LOAD cmake/stm32cubemx/CMakeFiles/STM32_Drivers.dir/__/__/Drivers/STM32F1xx_HAL_Driver/Src/stm32f1xx_hal_gpio.c.obj
LOAD cmake/stm32cubemx/CMakeFiles/STM32_Drivers.dir/__/__/Drivers/STM32F1xx_HAL_Driver/Src/stm32f1xx_hal_dma.c.obj
LOAD cmake/stm32cubemx/CMakeFiles/STM32_Drivers.dir/__/__/Drivers/STM32F1xx_HAL_Driver/Src/stm32f1xx_hal_cortex.c.obj
LOAD cmake/stm32cubemx/CMakeFiles/STM32_Drivers.dir/__/__/Drivers/STM32F1xx_HAL_Driver/Src/stm32f1xx_hal_pwr.c.obj
LOAD cmake/stm32cubemx/CMakeFiles/STM32_Drivers.dir/__/__/Drivers/STM32F1xx_HAL_Driver/Src/stm32f1xx_hal_flash.c.obj
LOAD cmake/stm32cubemx/CMakeFiles/STM32_Drivers.dir/__/__/Drivers/STM32F1xx_HAL_Driver/Src/stm32f1xx_hal_flash_ex.c.obj
LOAD cmake/stm32cubemx/CMakeFiles/STM32_Drivers.dir/__/__/Drivers/STM32F1xx_HAL_Driver/Src/stm32f1xx_hal_exti.c.obj
LOAD cmake/stm32cubemx/CMakeFiles/USB_Device_Library.dir/__/__/Middlewares/ST/STM32_USB_Device_Library/Core/Src/usbd_core.c.obj
LOAD cmake/stm32cubemx/CMakeFiles/USB_Device_Library.dir/__/__/Middlewares/ST/STM32_USB_Device_Library/Core/Src/usbd_ctlreq.c.obj
LOAD cmake/stm32cubemx/CMakeFiles/USB_Device_Library.dir/__/__/Middlewares/ST/STM32_USB_Device_Library/Core/Src/usbd_ioreq.c.obj
LOAD cmake/stm32cubemx/CMakeFiles/USB_Device_Library.dir/__/__/Middlewares/ST/STM32_USB_Device_Library/Class/HID/Src/usbd_hid.c.obj
LOAD CMakeFiles/keyboard_repair_lenovo_based_on_stm32f103c8t6.dir/USB_DEVICE/Target/usbd_conf.c.obj
LOAD CMakeFiles/keyboard_repair_lenovo_based_on_stm32f103c8t6.dir/USB_DEVICE/App/usb_device.c.obj
LOAD CMakeFiles/keyboard_repair_lenovo_based_on_stm32f103c8t6.dir/USB_DEVICE/App/usbd_desc.c.obj
LOAD CMakeFiles/keyboard_repair_lenovo_based_on_stm32f103c8t6.dir/Core/Src/main.c.obj
LOAD CMakeFiles/keyboard_repair_lenovo_based_on_stm32f103c8t6.dir/Core/Src/stm32f1xx_it.c.obj
LOAD CMakeFiles/keyboard_repair_lenovo_based_on_stm32f103c8t6.dir/Core/Src/stm32f1xx_hal_msp.c.obj
LOAD CMakeFiles/keyboard_repair_lenovo_based_on_stm32f103c8t6.dir/Core/Src/sysmem.c.obj
LOAD CMakeFiles/keyboard_repair_lenovo_based_on_stm32f103c8t6.dir/Core/Src/syscalls.c.obj
LOAD CMakeFiles/keyboard_repair_lenovo_based_on_stm32f103c8t6.dir/startup_stm32f103xb.s.obj
START GROUP
LOAD /opt/ST/STM32CubeCLT_1.18.0/GNU-tools-for-STM32/bin/../lib/gcc/arm-none-eabi/13.3.1/thumb/v7-m/nofp/libgcc.a
LOAD /opt/ST/STM32CubeCLT_1.18.0/GNU-tools-for-STM32/bin/../lib/gcc/arm-none-eabi/13.3.1/../../../../arm-none-eabi/lib/thumb/v7-m/nofp/libg_nano.a
LOAD /opt/ST/STM32CubeCLT_1.18.0/GNU-tools-for-STM32/bin/../lib/gcc/arm-none-eabi/13.3.1/../../../../arm-none-eabi/lib/thumb/v7-m/nofp/libc_nano.a
END GROUP
START GROUP
LOAD /opt/ST/STM32CubeCLT_1.18.0/GNU-tools-for-STM32/bin/../lib/gcc/arm-none-eabi/13.3.1/thumb/v7-m/nofp/libgcc.a
LOAD /opt/ST/STM32CubeCLT_1.18.0/GNU-tools-for-STM32/bin/../lib/gcc/arm-none-eabi/13.3.1/../../../../arm-none-eabi/lib/thumb/v7-m/nofp/libc_nano.a
END GROUP
LOAD /opt/ST/STM32CubeCLT_1.18.0/GNU-tools-for-STM32/bin/../lib/gcc/arm-none-eabi/13.3.1/thumb/v7-m/nofp/crtend.o
LOAD /opt/ST/STM32CubeCLT_1.18.0/GNU-tools-for-STM32/bin/../lib/gcc/arm-none-eabi/13.3.1/thumb/v7-m/nofp/crtn.o
                0x20005000                        _estack = (ORIGIN (RAM) + LENGTH (RAM))
                0x00000200                        _Min_Heap_Size = 0x200
                0x00000400                        _Min_Stack_Size = 0x400

.isr_vector     0x08000000      0x10c
                0x08000000                        . = ALIGN (0x4)
 *(.isr_vector)
 .isr_vector    0x08000000      0x10c CMakeFiles/keyboard_repair_lenovo_based_on_stm32f103c8t6.dir/startup_stm32f103xb.s.obj
                0x08000000                g_pfnVectors
                0x0800010c                        . = ALIGN (0x4)

.text           0x0800010c     0x6d34
                0x0800010c                        . = ALIGN (0x4)
 *(.text)
 .text          0x0800010c       0x40 /opt/ST/STM32CubeCLT_1.18.0/GNU-tools-for-STM32/bin/../lib/gcc/arm-none-eabi/13.3.1/thumb/v7-m/nofp/crtbegin.o
 *(.text*)
 .text.memset   0x0800014c       0x10 /opt/ST/STM32CubeCLT_1.18.0/GNU-tools-for-STM32/bin/../lib/gcc/arm-none-eabi/13.3.1/../../../../arm-none-eabi/lib/thumb/v7-m/nofp/libc_nano.a(libc_a-memset.o)
                0x0800014c                memset
 .text.__libc_init_array
                0x0800015c       0x48 /opt/ST/STM32CubeCLT_1.18.0/GNU-tools-for-STM32/bin/../lib/gcc/arm-none-eabi/13.3.1/../../../../arm-none-eabi/lib/thumb/v7-m/nofp/libc_nano.a(libc_a-init.o)
                0x0800015c                __libc_init_array
 .text.SystemInit
                0x080001a4        0xc cmake/stm32cubemx/CMakeFiles/STM32_Drivers.dir/__/__/Core/Src/system_stm32f1xx.c.obj
                0x080001a4                SystemInit
 .text.HAL_PCD_Init
                0x080001b0      0x1ec cmake/stm32cubemx/CMakeFiles/STM32_Drivers.dir/__/__/Drivers/STM32F1xx_HAL_Driver/Src/stm32f1xx_hal_pcd.c.obj
                0x080001b0                HAL_PCD_Init
 .text.HAL_PCD_Start
                0x0800039c       0x4c cmake/stm32cubemx/CMakeFiles/STM32_Drivers.dir/__/__/Drivers/STM32F1xx_HAL_Driver/Src/stm32f1xx_hal_pcd.c.obj
                0x0800039c                HAL_PCD_Start
 .text.HAL_PCD_IRQHandler
                0x080003e8      0x260 cmake/stm32cubemx/CMakeFiles/STM32_Drivers.dir/__/__/Drivers/STM32F1xx_HAL_Driver/Src/stm32f1xx_hal_pcd.c.obj
                0x080003e8                HAL_PCD_IRQHandler
 .text.HAL_PCD_SetAddress
                0x08000648       0x48 cmake/stm32cubemx/CMakeFiles/STM32_Drivers.dir/__/__/Drivers/STM32F1xx_HAL_Driver/Src/stm32f1xx_hal_pcd.c.obj
                0x08000648                HAL_PCD_SetAddress
 .text.HAL_PCD_EP_Open
                0x08000690       0xba cmake/stm32cubemx/CMakeFiles/STM32_Drivers.dir/__/__/Drivers/STM32F1xx_HAL_Driver/Src/stm32f1xx_hal_pcd.c.obj
                0x08000690                HAL_PCD_EP_Open
 .text.HAL_PCD_EP_Close
                0x0800074a       0x90 cmake/stm32cubemx/CMakeFiles/STM32_Drivers.dir/__/__/Drivers/STM32F1xx_HAL_Driver/Src/stm32f1xx_hal_pcd.c.obj
                0x0800074a                HAL_PCD_EP_Close
 .text.HAL_PCD_EP_Receive
                0x080007da       0x62 cmake/stm32cubemx/CMakeFiles/STM32_Drivers.dir/__/__/Drivers/STM32F1xx_HAL_Driver/Src/stm32f1xx_hal_pcd.c.obj
                0x080007da                HAL_PCD_EP_Receive
 .text.HAL_PCD_EP_Transmit
                0x0800083c       0x6e cmake/stm32cubemx/CMakeFiles/STM32_Drivers.dir/__/__/Drivers/STM32F1xx_HAL_Driver/Src/stm32f1xx_hal_pcd.c.obj
                0x0800083c                HAL_PCD_EP_Transmit
 .text.HAL_PCD_EP_SetStall
                0x080008aa       0xc0 cmake/stm32cubemx/CMakeFiles/STM32_Drivers.dir/__/__/Drivers/STM32F1xx_HAL_Driver/Src/stm32f1xx_hal_pcd.c.obj
                0x080008aa                HAL_PCD_EP_SetStall
 .text.HAL_PCD_EP_ClrStall
                0x0800096a       0xa8 cmake/stm32cubemx/CMakeFiles/STM32_Drivers.dir/__/__/Drivers/STM32F1xx_HAL_Driver/Src/stm32f1xx_hal_pcd.c.obj
                0x0800096a                HAL_PCD_EP_ClrStall
 .text.PCD_EP_ISR_Handler
                0x08000a12      0x79e cmake/stm32cubemx/CMakeFiles/STM32_Drivers.dir/__/__/Drivers/STM32F1xx_HAL_Driver/Src/stm32f1xx_hal_pcd.c.obj
 .text.HAL_PCD_EP_DB_Receive
                0x080011b0      0x21a cmake/stm32cubemx/CMakeFiles/STM32_Drivers.dir/__/__/Drivers/STM32F1xx_HAL_Driver/Src/stm32f1xx_hal_pcd.c.obj
 .text.HAL_PCD_EP_DB_Transmit
                0x080013ca      0x7f4 cmake/stm32cubemx/CMakeFiles/STM32_Drivers.dir/__/__/Drivers/STM32F1xx_HAL_Driver/Src/stm32f1xx_hal_pcd.c.obj
 .text.HAL_PCDEx_PMAConfig
                0x08001bbe       0x84 cmake/stm32cubemx/CMakeFiles/STM32_Drivers.dir/__/__/Drivers/STM32F1xx_HAL_Driver/Src/stm32f1xx_hal_pcd_ex.c.obj
                0x08001bbe                HAL_PCDEx_PMAConfig
 .text.USB_CoreInit
                0x08001c42       0x1a cmake/stm32cubemx/CMakeFiles/STM32_Drivers.dir/__/__/Drivers/STM32F1xx_HAL_Driver/Src/stm32f1xx_ll_usb.c.obj
                0x08001c42                USB_CoreInit
 .text.USB_EnableGlobalInt
                0x08001c5c       0x2c cmake/stm32cubemx/CMakeFiles/STM32_Drivers.dir/__/__/Drivers/STM32F1xx_HAL_Driver/Src/stm32f1xx_ll_usb.c.obj
                0x08001c5c                USB_EnableGlobalInt
 .text.USB_DisableGlobalInt
                0x08001c88       0x34 cmake/stm32cubemx/CMakeFiles/STM32_Drivers.dir/__/__/Drivers/STM32F1xx_HAL_Driver/Src/stm32f1xx_ll_usb.c.obj
                0x08001c88                USB_DisableGlobalInt
 .text.USB_SetCurrentMode
                0x08001cbc       0x18 cmake/stm32cubemx/CMakeFiles/STM32_Drivers.dir/__/__/Drivers/STM32F1xx_HAL_Driver/Src/stm32f1xx_ll_usb.c.obj
                0x08001cbc                USB_SetCurrentMode
 .text.USB_DevInit
                0x08001cd4       0x3a cmake/stm32cubemx/CMakeFiles/STM32_Drivers.dir/__/__/Drivers/STM32F1xx_HAL_Driver/Src/stm32f1xx_ll_usb.c.obj
                0x08001cd4                USB_DevInit
 *fill*         0x08001d0e        0x2 
 .text.USB_ActivateEndpoint
                0x08001d10      0x780 cmake/stm32cubemx/CMakeFiles/STM32_Drivers.dir/__/__/Drivers/STM32F1xx_HAL_Driver/Src/stm32f1xx_ll_usb.c.obj
                0x08001d10                USB_ActivateEndpoint
 .text.USB_DeactivateEndpoint
                0x08002490      0x3d8 cmake/stm32cubemx/CMakeFiles/STM32_Drivers.dir/__/__/Drivers/STM32F1xx_HAL_Driver/Src/stm32f1xx_ll_usb.c.obj
                0x08002490                USB_DeactivateEndpoint
 .text.USB_EPStartXfer
                0x08002868     0x1762 cmake/stm32cubemx/CMakeFiles/STM32_Drivers.dir/__/__/Drivers/STM32F1xx_HAL_Driver/Src/stm32f1xx_ll_usb.c.obj
                0x08002868                USB_EPStartXfer
 .text.USB_EPSetStall
                0x08003fca       0xa0 cmake/stm32cubemx/CMakeFiles/STM32_Drivers.dir/__/__/Drivers/STM32F1xx_HAL_Driver/Src/stm32f1xx_ll_usb.c.obj
                0x08003fca                USB_EPSetStall
 .text.USB_EPClearStall
                0x0800406a      0x15a cmake/stm32cubemx/CMakeFiles/STM32_Drivers.dir/__/__/Drivers/STM32F1xx_HAL_Driver/Src/stm32f1xx_ll_usb.c.obj
                0x0800406a                USB_EPClearStall
 .text.USB_SetDevAddress
                0x080041c4       0x26 cmake/stm32cubemx/CMakeFiles/STM32_Drivers.dir/__/__/Drivers/STM32F1xx_HAL_Driver/Src/stm32f1xx_ll_usb.c.obj
                0x080041c4                USB_SetDevAddress
 .text.USB_DevConnect
                0x080041ea       0x14 cmake/stm32cubemx/CMakeFiles/STM32_Drivers.dir/__/__/Drivers/STM32F1xx_HAL_Driver/Src/stm32f1xx_ll_usb.c.obj
                0x080041ea                USB_DevConnect
 .text.USB_DevDisconnect
                0x080041fe       0x14 cmake/stm32cubemx/CMakeFiles/STM32_Drivers.dir/__/__/Drivers/STM32F1xx_HAL_Driver/Src/stm32f1xx_ll_usb.c.obj
                0x080041fe                USB_DevDisconnect
 .text.USB_ReadInterrupts
                0x08004212       0x1e cmake/stm32cubemx/CMakeFiles/STM32_Drivers.dir/__/__/Drivers/STM32F1xx_HAL_Driver/Src/stm32f1xx_ll_usb.c.obj
                0x08004212                USB_ReadInterrupts
 .text.USB_EP0_OutStart
                0x08004230       0x16 cmake/stm32cubemx/CMakeFiles/STM32_Drivers.dir/__/__/Drivers/STM32F1xx_HAL_Driver/Src/stm32f1xx_ll_usb.c.obj
                0x08004230                USB_EP0_OutStart
 .text.USB_WritePMA
                0x08004246       0x8c cmake/stm32cubemx/CMakeFiles/STM32_Drivers.dir/__/__/Drivers/STM32F1xx_HAL_Driver/Src/stm32f1xx_ll_usb.c.obj
                0x08004246                USB_WritePMA
 .text.USB_ReadPMA
                0x080042d2       0x9e cmake/stm32cubemx/CMakeFiles/STM32_Drivers.dir/__/__/Drivers/STM32F1xx_HAL_Driver/Src/stm32f1xx_ll_usb.c.obj
                0x080042d2                USB_ReadPMA
 .text.HAL_Init
                0x08004370       0x2c cmake/stm32cubemx/CMakeFiles/STM32_Drivers.dir/__/__/Drivers/STM32F1xx_HAL_Driver/Src/stm32f1xx_hal.c.obj
                0x08004370                HAL_Init
 .text.HAL_InitTick
                0x0800439c       0x60 cmake/stm32cubemx/CMakeFiles/STM32_Drivers.dir/__/__/Drivers/STM32F1xx_HAL_Driver/Src/stm32f1xx_hal.c.obj
                0x0800439c                HAL_InitTick
 .text.HAL_IncTick
                0x080043fc       0x24 cmake/stm32cubemx/CMakeFiles/STM32_Drivers.dir/__/__/Drivers/STM32F1xx_HAL_Driver/Src/stm32f1xx_hal.c.obj
                0x080043fc                HAL_IncTick
 .text.HAL_GetTick
                0x08004420       0x14 cmake/stm32cubemx/CMakeFiles/STM32_Drivers.dir/__/__/Drivers/STM32F1xx_HAL_Driver/Src/stm32f1xx_hal.c.obj
                0x08004420                HAL_GetTick
 .text.HAL_Delay
                0x08004434       0x48 cmake/stm32cubemx/CMakeFiles/STM32_Drivers.dir/__/__/Drivers/STM32F1xx_HAL_Driver/Src/stm32f1xx_hal.c.obj
                0x08004434                HAL_Delay
 .text.HAL_RCC_OscConfig
                0x0800447c      0x504 cmake/stm32cubemx/CMakeFiles/STM32_Drivers.dir/__/__/Drivers/STM32F1xx_HAL_Driver/Src/stm32f1xx_hal_rcc.c.obj
                0x0800447c                HAL_RCC_OscConfig
 .text.HAL_RCC_ClockConfig
                0x08004980      0x1d4 cmake/stm32cubemx/CMakeFiles/STM32_Drivers.dir/__/__/Drivers/STM32F1xx_HAL_Driver/Src/stm32f1xx_hal_rcc.c.obj
                0x08004980                HAL_RCC_ClockConfig
 .text.HAL_RCC_GetSysClockFreq
                0x08004b54       0xa8 cmake/stm32cubemx/CMakeFiles/STM32_Drivers.dir/__/__/Drivers/STM32F1xx_HAL_Driver/Src/stm32f1xx_hal_rcc.c.obj
                0x08004b54                HAL_RCC_GetSysClockFreq
 .text.RCC_Delay
                0x08004bfc       0x3c cmake/stm32cubemx/CMakeFiles/STM32_Drivers.dir/__/__/Drivers/STM32F1xx_HAL_Driver/Src/stm32f1xx_hal_rcc.c.obj
 .text.HAL_RCCEx_PeriphCLKConfig
                0x08004c38      0x16c cmake/stm32cubemx/CMakeFiles/STM32_Drivers.dir/__/__/Drivers/STM32F1xx_HAL_Driver/Src/stm32f1xx_hal_rcc_ex.c.obj
                0x08004c38                HAL_RCCEx_PeriphCLKConfig
 .text.__NVIC_SetPriorityGrouping
                0x08004da4       0x48 cmake/stm32cubemx/CMakeFiles/STM32_Drivers.dir/__/__/Drivers/STM32F1xx_HAL_Driver/Src/stm32f1xx_hal_cortex.c.obj
 .text.__NVIC_GetPriorityGrouping
                0x08004dec       0x1c cmake/stm32cubemx/CMakeFiles/STM32_Drivers.dir/__/__/Drivers/STM32F1xx_HAL_Driver/Src/stm32f1xx_hal_cortex.c.obj
 .text.__NVIC_EnableIRQ
                0x08004e08       0x38 cmake/stm32cubemx/CMakeFiles/STM32_Drivers.dir/__/__/Drivers/STM32F1xx_HAL_Driver/Src/stm32f1xx_hal_cortex.c.obj
 .text.__NVIC_SetPriority
                0x08004e40       0x54 cmake/stm32cubemx/CMakeFiles/STM32_Drivers.dir/__/__/Drivers/STM32F1xx_HAL_Driver/Src/stm32f1xx_hal_cortex.c.obj
 .text.NVIC_EncodePriority
                0x08004e94       0x64 cmake/stm32cubemx/CMakeFiles/STM32_Drivers.dir/__/__/Drivers/STM32F1xx_HAL_Driver/Src/stm32f1xx_hal_cortex.c.obj
 .text.SysTick_Config
                0x08004ef8       0x44 cmake/stm32cubemx/CMakeFiles/STM32_Drivers.dir/__/__/Drivers/STM32F1xx_HAL_Driver/Src/stm32f1xx_hal_cortex.c.obj
 .text.HAL_NVIC_SetPriorityGrouping
                0x08004f3c       0x16 cmake/stm32cubemx/CMakeFiles/STM32_Drivers.dir/__/__/Drivers/STM32F1xx_HAL_Driver/Src/stm32f1xx_hal_cortex.c.obj
                0x08004f3c                HAL_NVIC_SetPriorityGrouping
 .text.HAL_NVIC_SetPriority
                0x08004f52       0x38 cmake/stm32cubemx/CMakeFiles/STM32_Drivers.dir/__/__/Drivers/STM32F1xx_HAL_Driver/Src/stm32f1xx_hal_cortex.c.obj
                0x08004f52                HAL_NVIC_SetPriority
 .text.HAL_NVIC_EnableIRQ
                0x08004f8a       0x1c cmake/stm32cubemx/CMakeFiles/STM32_Drivers.dir/__/__/Drivers/STM32F1xx_HAL_Driver/Src/stm32f1xx_hal_cortex.c.obj
                0x08004f8a                HAL_NVIC_EnableIRQ
 .text.HAL_SYSTICK_Config
                0x08004fa6       0x18 cmake/stm32cubemx/CMakeFiles/STM32_Drivers.dir/__/__/Drivers/STM32F1xx_HAL_Driver/Src/stm32f1xx_hal_cortex.c.obj
                0x08004fa6                HAL_SYSTICK_Config
 .text.USBD_Init
                0x08004fbe       0x56 cmake/stm32cubemx/CMakeFiles/USB_Device_Library.dir/__/__/Middlewares/ST/STM32_USB_Device_Library/Core/Src/usbd_core.c.obj
                0x08004fbe                USBD_Init
 .text.USBD_RegisterClass
                0x08005014       0x32 cmake/stm32cubemx/CMakeFiles/USB_Device_Library.dir/__/__/Middlewares/ST/STM32_USB_Device_Library/Core/Src/usbd_core.c.obj
                0x08005014                USBD_RegisterClass
 .text.USBD_Start
                0x08005046       0x18 cmake/stm32cubemx/CMakeFiles/USB_Device_Library.dir/__/__/Middlewares/ST/STM32_USB_Device_Library/Core/Src/usbd_core.c.obj
                0x08005046                USBD_Start
 .text.USBD_RunTestMode
                0x0800505e       0x14 cmake/stm32cubemx/CMakeFiles/USB_Device_Library.dir/__/__/Middlewares/ST/STM32_USB_Device_Library/Core/Src/usbd_core.c.obj
                0x0800505e                USBD_RunTestMode
 .text.USBD_SetClassConfig
                0x08005072       0x3e cmake/stm32cubemx/CMakeFiles/USB_Device_Library.dir/__/__/Middlewares/ST/STM32_USB_Device_Library/Core/Src/usbd_core.c.obj
                0x08005072                USBD_SetClassConfig
 .text.USBD_ClrClassConfig
                0x080050b0       0x26 cmake/stm32cubemx/CMakeFiles/USB_Device_Library.dir/__/__/Middlewares/ST/STM32_USB_Device_Library/Core/Src/usbd_core.c.obj
                0x080050b0                USBD_ClrClassConfig
 .text.USBD_LL_SetupStage
                0x080050d6       0x9a cmake/stm32cubemx/CMakeFiles/USB_Device_Library.dir/__/__/Middlewares/ST/STM32_USB_Device_Library/Core/Src/usbd_core.c.obj
                0x080050d6                USBD_LL_SetupStage
 .text.USBD_LL_DataOutStage
                0x08005170       0xe2 cmake/stm32cubemx/CMakeFiles/USB_Device_Library.dir/__/__/Middlewares/ST/STM32_USB_Device_Library/Core/Src/usbd_core.c.obj
                0x08005170                USBD_LL_DataOutStage
 .text.USBD_LL_DataInStage
                0x08005252      0x14a cmake/stm32cubemx/CMakeFiles/USB_Device_Library.dir/__/__/Middlewares/ST/STM32_USB_Device_Library/Core/Src/usbd_core.c.obj
                0x08005252                USBD_LL_DataInStage
 .text.USBD_LL_Reset
                0x0800539c       0x82 cmake/stm32cubemx/CMakeFiles/USB_Device_Library.dir/__/__/Middlewares/ST/STM32_USB_Device_Library/Core/Src/usbd_core.c.obj
                0x0800539c                USBD_LL_Reset
 .text.USBD_LL_SetSpeed
                0x0800541e       0x1e cmake/stm32cubemx/CMakeFiles/USB_Device_Library.dir/__/__/Middlewares/ST/STM32_USB_Device_Library/Core/Src/usbd_core.c.obj
                0x0800541e                USBD_LL_SetSpeed
 .text.USBD_LL_Suspend
                0x0800543c       0x28 cmake/stm32cubemx/CMakeFiles/USB_Device_Library.dir/__/__/Middlewares/ST/STM32_USB_Device_Library/Core/Src/usbd_core.c.obj
                0x0800543c                USBD_LL_Suspend
 .text.USBD_LL_Resume
                0x08005464       0x2a cmake/stm32cubemx/CMakeFiles/USB_Device_Library.dir/__/__/Middlewares/ST/STM32_USB_Device_Library/Core/Src/usbd_core.c.obj
                0x08005464                USBD_LL_Resume
 .text.USBD_LL_SOF
                0x0800548e       0x34 cmake/stm32cubemx/CMakeFiles/USB_Device_Library.dir/__/__/Middlewares/ST/STM32_USB_Device_Library/Core/Src/usbd_core.c.obj
                0x0800548e                USBD_LL_SOF
 *fill*         0x080054c2        0x2 
 .text.USBD_StdDevReq
                0x080054c4       0xd4 cmake/stm32cubemx/CMakeFiles/USB_Device_Library.dir/__/__/Middlewares/ST/STM32_USB_Device_Library/Core/Src/usbd_ctlreq.c.obj
                0x080054c4                USBD_StdDevReq
 .text.USBD_StdItfReq
                0x08005598       0x90 cmake/stm32cubemx/CMakeFiles/USB_Device_Library.dir/__/__/Middlewares/ST/STM32_USB_Device_Library/Core/Src/usbd_ctlreq.c.obj
                0x08005598                USBD_StdItfReq
 .text.USBD_StdEPReq
                0x08005628      0x2c6 cmake/stm32cubemx/CMakeFiles/USB_Device_Library.dir/__/__/Middlewares/ST/STM32_USB_Device_Library/Core/Src/usbd_ctlreq.c.obj
                0x08005628                USBD_StdEPReq
 *fill*         0x080058ee        0x2 
 .text.USBD_GetDescriptor
                0x080058f0      0x2d0 cmake/stm32cubemx/CMakeFiles/USB_Device_Library.dir/__/__/Middlewares/ST/STM32_USB_Device_Library/Core/Src/usbd_ctlreq.c.obj
 .text.USBD_SetAddress
                0x08005bc0       0x86 cmake/stm32cubemx/CMakeFiles/USB_Device_Library.dir/__/__/Middlewares/ST/STM32_USB_Device_Library/Core/Src/usbd_ctlreq.c.obj
 *fill*         0x08005c46        0x2 
 .text.USBD_SetConfig
                0x08005c48      0x11c cmake/stm32cubemx/CMakeFiles/USB_Device_Library.dir/__/__/Middlewares/ST/STM32_USB_Device_Library/Core/Src/usbd_ctlreq.c.obj
 .text.USBD_GetConfig
                0x08005d64       0x6a cmake/stm32cubemx/CMakeFiles/USB_Device_Library.dir/__/__/Middlewares/ST/STM32_USB_Device_Library/Core/Src/usbd_ctlreq.c.obj
 .text.USBD_GetStatus
                0x08005dce       0x66 cmake/stm32cubemx/CMakeFiles/USB_Device_Library.dir/__/__/Middlewares/ST/STM32_USB_Device_Library/Core/Src/usbd_ctlreq.c.obj
 .text.USBD_SetFeature
                0x08005e34       0x28 cmake/stm32cubemx/CMakeFiles/USB_Device_Library.dir/__/__/Middlewares/ST/STM32_USB_Device_Library/Core/Src/usbd_ctlreq.c.obj
 .text.USBD_ClrFeature
                0x08005e5c       0x42 cmake/stm32cubemx/CMakeFiles/USB_Device_Library.dir/__/__/Middlewares/ST/STM32_USB_Device_Library/Core/Src/usbd_ctlreq.c.obj
 .text.USBD_ParseSetupRequest
                0x08005e9e       0x72 cmake/stm32cubemx/CMakeFiles/USB_Device_Library.dir/__/__/Middlewares/ST/STM32_USB_Device_Library/Core/Src/usbd_ctlreq.c.obj
                0x08005e9e                USBD_ParseSetupRequest
 .text.USBD_CtlError
                0x08005f10       0x22 cmake/stm32cubemx/CMakeFiles/USB_Device_Library.dir/__/__/Middlewares/ST/STM32_USB_Device_Library/Core/Src/usbd_ctlreq.c.obj
                0x08005f10                USBD_CtlError
 .text.USBD_GetString
                0x08005f32       0x84 cmake/stm32cubemx/CMakeFiles/USB_Device_Library.dir/__/__/Middlewares/ST/STM32_USB_Device_Library/Core/Src/usbd_ctlreq.c.obj
                0x08005f32                USBD_GetString
 .text.USBD_GetLen
                0x08005fb6       0x2e cmake/stm32cubemx/CMakeFiles/USB_Device_Library.dir/__/__/Middlewares/ST/STM32_USB_Device_Library/Core/Src/usbd_ctlreq.c.obj
 .text.USBD_CtlSendData
                0x08005fe4       0x38 cmake/stm32cubemx/CMakeFiles/USB_Device_Library.dir/__/__/Middlewares/ST/STM32_USB_Device_Library/Core/Src/usbd_ioreq.c.obj
                0x08005fe4                USBD_CtlSendData
 .text.USBD_CtlContinueSendData
                0x0800601c       0x24 cmake/stm32cubemx/CMakeFiles/USB_Device_Library.dir/__/__/Middlewares/ST/STM32_USB_Device_Library/Core/Src/usbd_ioreq.c.obj
                0x0800601c                USBD_CtlContinueSendData
 .text.USBD_CtlContinueRx
                0x08006040       0x24 cmake/stm32cubemx/CMakeFiles/USB_Device_Library.dir/__/__/Middlewares/ST/STM32_USB_Device_Library/Core/Src/usbd_ioreq.c.obj
                0x08006040                USBD_CtlContinueRx
 .text.USBD_CtlSendStatus
                0x08006064       0x26 cmake/stm32cubemx/CMakeFiles/USB_Device_Library.dir/__/__/Middlewares/ST/STM32_USB_Device_Library/Core/Src/usbd_ioreq.c.obj
                0x08006064                USBD_CtlSendStatus
 .text.USBD_CtlReceiveStatus
                0x0800608a       0x26 cmake/stm32cubemx/CMakeFiles/USB_Device_Library.dir/__/__/Middlewares/ST/STM32_USB_Device_Library/Core/Src/usbd_ioreq.c.obj
                0x0800608a                USBD_CtlReceiveStatus
 .text.USBD_HID_Init
                0x080060b0       0x4e cmake/stm32cubemx/CMakeFiles/USB_Device_Library.dir/__/__/Middlewares/ST/STM32_USB_Device_Library/Class/HID/Src/usbd_hid.c.obj
 .text.USBD_HID_DeInit
                0x080060fe       0x42 cmake/stm32cubemx/CMakeFiles/USB_Device_Library.dir/__/__/Middlewares/ST/STM32_USB_Device_Library/Class/HID/Src/usbd_hid.c.obj
 .text.USBD_HID_Setup
                0x08006140      0x1fc cmake/stm32cubemx/CMakeFiles/USB_Device_Library.dir/__/__/Middlewares/ST/STM32_USB_Device_Library/Class/HID/Src/usbd_hid.c.obj
 .text.USBD_HID_SendReport
                0x0800633c       0x44 cmake/stm32cubemx/CMakeFiles/USB_Device_Library.dir/__/__/Middlewares/ST/STM32_USB_Device_Library/Class/HID/Src/usbd_hid.c.obj
                0x0800633c                USBD_HID_SendReport
 .text.USBD_HID_GetFSCfgDesc
                0x08006380       0x20 cmake/stm32cubemx/CMakeFiles/USB_Device_Library.dir/__/__/Middlewares/ST/STM32_USB_Device_Library/Class/HID/Src/usbd_hid.c.obj
 .text.USBD_HID_GetHSCfgDesc
                0x080063a0       0x20 cmake/stm32cubemx/CMakeFiles/USB_Device_Library.dir/__/__/Middlewares/ST/STM32_USB_Device_Library/Class/HID/Src/usbd_hid.c.obj
 .text.USBD_HID_GetOtherSpeedCfgDesc
                0x080063c0       0x20 cmake/stm32cubemx/CMakeFiles/USB_Device_Library.dir/__/__/Middlewares/ST/STM32_USB_Device_Library/Class/HID/Src/usbd_hid.c.obj
 .text.USBD_HID_DataIn
                0x080063e0       0x22 cmake/stm32cubemx/CMakeFiles/USB_Device_Library.dir/__/__/Middlewares/ST/STM32_USB_Device_Library/Class/HID/Src/usbd_hid.c.obj
 *fill*         0x08006402        0x2 
 .text.USBD_HID_GetDeviceQualifierDesc
                0x08006404       0x20 cmake/stm32cubemx/CMakeFiles/USB_Device_Library.dir/__/__/Middlewares/ST/STM32_USB_Device_Library/Class/HID/Src/usbd_hid.c.obj
 .text.HAL_PCD_MspInit
                0x08006424       0x4c CMakeFiles/keyboard_repair_lenovo_based_on_stm32f103c8t6.dir/USB_DEVICE/Target/usbd_conf.c.obj
                0x08006424                HAL_PCD_MspInit
 .text.HAL_PCD_SetupStageCallback
                0x08006470       0x24 CMakeFiles/keyboard_repair_lenovo_based_on_stm32f103c8t6.dir/USB_DEVICE/Target/usbd_conf.c.obj
                0x08006470                HAL_PCD_SetupStageCallback
 .text.HAL_PCD_DataOutStageCallback
                0x08006494       0x36 CMakeFiles/keyboard_repair_lenovo_based_on_stm32f103c8t6.dir/USB_DEVICE/Target/usbd_conf.c.obj
                0x08006494                HAL_PCD_DataOutStageCallback
 .text.HAL_PCD_DataInStageCallback
                0x080064ca       0x34 CMakeFiles/keyboard_repair_lenovo_based_on_stm32f103c8t6.dir/USB_DEVICE/Target/usbd_conf.c.obj
                0x080064ca                HAL_PCD_DataInStageCallback
 .text.HAL_PCD_SOFCallback
                0x080064fe       0x1c CMakeFiles/keyboard_repair_lenovo_based_on_stm32f103c8t6.dir/USB_DEVICE/Target/usbd_conf.c.obj
                0x080064fe                HAL_PCD_SOFCallback
 .text.HAL_PCD_ResetCallback
                0x0800651a       0x3c CMakeFiles/keyboard_repair_lenovo_based_on_stm32f103c8t6.dir/USB_DEVICE/Target/usbd_conf.c.obj
                0x0800651a                HAL_PCD_ResetCallback
 *fill*         0x08006556        0x2 
 .text.HAL_PCD_SuspendCallback
                0x08006558       0x34 CMakeFiles/keyboard_repair_lenovo_based_on_stm32f103c8t6.dir/USB_DEVICE/Target/usbd_conf.c.obj
                0x08006558                HAL_PCD_SuspendCallback
 .text.HAL_PCD_ResumeCallback
                0x0800658c       0x1c CMakeFiles/keyboard_repair_lenovo_based_on_stm32f103c8t6.dir/USB_DEVICE/Target/usbd_conf.c.obj
                0x0800658c                HAL_PCD_ResumeCallback
 .text.USBD_LL_Init
                0x080065a8       0x90 CMakeFiles/keyboard_repair_lenovo_based_on_stm32f103c8t6.dir/USB_DEVICE/Target/usbd_conf.c.obj
                0x080065a8                USBD_LL_Init
 .text.USBD_LL_Start
                0x08006638       0x36 CMakeFiles/keyboard_repair_lenovo_based_on_stm32f103c8t6.dir/USB_DEVICE/Target/usbd_conf.c.obj
                0x08006638                USBD_LL_Start
 .text.USBD_LL_OpenEP
                0x0800666e       0x4c CMakeFiles/keyboard_repair_lenovo_based_on_stm32f103c8t6.dir/USB_DEVICE/Target/usbd_conf.c.obj
                0x0800666e                USBD_LL_OpenEP
 .text.USBD_LL_CloseEP
                0x080066ba       0x3e CMakeFiles/keyboard_repair_lenovo_based_on_stm32f103c8t6.dir/USB_DEVICE/Target/usbd_conf.c.obj
                0x080066ba                USBD_LL_CloseEP
 .text.USBD_LL_StallEP
                0x080066f8       0x3e CMakeFiles/keyboard_repair_lenovo_based_on_stm32f103c8t6.dir/USB_DEVICE/Target/usbd_conf.c.obj
                0x080066f8                USBD_LL_StallEP
 .text.USBD_LL_ClearStallEP
                0x08006736       0x3e CMakeFiles/keyboard_repair_lenovo_based_on_stm32f103c8t6.dir/USB_DEVICE/Target/usbd_conf.c.obj
                0x08006736                USBD_LL_ClearStallEP
 .text.USBD_LL_IsStallEP
                0x08006774       0x56 CMakeFiles/keyboard_repair_lenovo_based_on_stm32f103c8t6.dir/USB_DEVICE/Target/usbd_conf.c.obj
                0x08006774                USBD_LL_IsStallEP
 .text.USBD_LL_SetUSBAddress
                0x080067ca       0x3e CMakeFiles/keyboard_repair_lenovo_based_on_stm32f103c8t6.dir/USB_DEVICE/Target/usbd_conf.c.obj
                0x080067ca                USBD_LL_SetUSBAddress
 .text.USBD_LL_Transmit
                0x08006808       0x46 CMakeFiles/keyboard_repair_lenovo_based_on_stm32f103c8t6.dir/USB_DEVICE/Target/usbd_conf.c.obj
                0x08006808                USBD_LL_Transmit
 .text.USBD_LL_PrepareReceive
                0x0800684e       0x46 CMakeFiles/keyboard_repair_lenovo_based_on_stm32f103c8t6.dir/USB_DEVICE/Target/usbd_conf.c.obj
                0x0800684e                USBD_LL_PrepareReceive
 .text.USBD_static_malloc
                0x08006894       0x18 CMakeFiles/keyboard_repair_lenovo_based_on_stm32f103c8t6.dir/USB_DEVICE/Target/usbd_conf.c.obj
                0x08006894                USBD_static_malloc
 .text.USBD_static_free
                0x080068ac       0x12 CMakeFiles/keyboard_repair_lenovo_based_on_stm32f103c8t6.dir/USB_DEVICE/Target/usbd_conf.c.obj
                0x080068ac                USBD_static_free
 .text.HAL_PCDEx_SetConnectionState
                0x080068be       0x16 CMakeFiles/keyboard_repair_lenovo_based_on_stm32f103c8t6.dir/USB_DEVICE/Target/usbd_conf.c.obj
                0x080068be                HAL_PCDEx_SetConnectionState
 .text.USBD_Get_USB_Status
                0x080068d4       0x58 CMakeFiles/keyboard_repair_lenovo_based_on_stm32f103c8t6.dir/USB_DEVICE/Target/usbd_conf.c.obj
 .text.MX_USB_DEVICE_Init
                0x0800692c       0x4c CMakeFiles/keyboard_repair_lenovo_based_on_stm32f103c8t6.dir/USB_DEVICE/App/usb_device.c.obj
                0x0800692c                MX_USB_DEVICE_Init
 .text.USBD_FS_DeviceDescriptor
                0x08006978       0x24 CMakeFiles/keyboard_repair_lenovo_based_on_stm32f103c8t6.dir/USB_DEVICE/App/usbd_desc.c.obj
                0x08006978                USBD_FS_DeviceDescriptor
 .text.USBD_FS_LangIDStrDescriptor
                0x0800699c       0x24 CMakeFiles/keyboard_repair_lenovo_based_on_stm32f103c8t6.dir/USB_DEVICE/App/usbd_desc.c.obj
                0x0800699c                USBD_FS_LangIDStrDescriptor
 .text.USBD_FS_ProductStrDescriptor
                0x080069c0       0x3c CMakeFiles/keyboard_repair_lenovo_based_on_stm32f103c8t6.dir/USB_DEVICE/App/usbd_desc.c.obj
                0x080069c0                USBD_FS_ProductStrDescriptor
 .text.USBD_FS_ManufacturerStrDescriptor
                0x080069fc       0x28 CMakeFiles/keyboard_repair_lenovo_based_on_stm32f103c8t6.dir/USB_DEVICE/App/usbd_desc.c.obj
                0x080069fc                USBD_FS_ManufacturerStrDescriptor
 .text.USBD_FS_SerialStrDescriptor
                0x08006a24       0x24 CMakeFiles/keyboard_repair_lenovo_based_on_stm32f103c8t6.dir/USB_DEVICE/App/usbd_desc.c.obj
                0x08006a24                USBD_FS_SerialStrDescriptor
 .text.USBD_FS_ConfigStrDescriptor
                0x08006a48       0x3c CMakeFiles/keyboard_repair_lenovo_based_on_stm32f103c8t6.dir/USB_DEVICE/App/usbd_desc.c.obj
                0x08006a48                USBD_FS_ConfigStrDescriptor
 .text.USBD_FS_InterfaceStrDescriptor
                0x08006a84       0x3c CMakeFiles/keyboard_repair_lenovo_based_on_stm32f103c8t6.dir/USB_DEVICE/App/usbd_desc.c.obj
                0x08006a84                USBD_FS_InterfaceStrDescriptor
 .text.Get_SerialNum
                0x08006ac0       0x58 CMakeFiles/keyboard_repair_lenovo_based_on_stm32f103c8t6.dir/USB_DEVICE/App/usbd_desc.c.obj
 .text.IntToUnicode
                0x08006b18       0x7c CMakeFiles/keyboard_repair_lenovo_based_on_stm32f103c8t6.dir/USB_DEVICE/App/usbd_desc.c.obj
 .text.main     0x08006b94       0x74 CMakeFiles/keyboard_repair_lenovo_based_on_stm32f103c8t6.dir/Core/Src/main.c.obj
                0x08006b94                main
 .text.SystemClock_Config
                0x08006c08       0xb4 CMakeFiles/keyboard_repair_lenovo_based_on_stm32f103c8t6.dir/Core/Src/main.c.obj
                0x08006c08                SystemClock_Config
 .text.MX_GPIO_Init
                0x08006cbc       0x44 CMakeFiles/keyboard_repair_lenovo_based_on_stm32f103c8t6.dir/Core/Src/main.c.obj
 .text.Error_Handler
                0x08006d00        0xc CMakeFiles/keyboard_repair_lenovo_based_on_stm32f103c8t6.dir/Core/Src/main.c.obj
                0x08006d00                Error_Handler
 .text.NMI_Handler
                0x08006d0c        0x8 CMakeFiles/keyboard_repair_lenovo_based_on_stm32f103c8t6.dir/Core/Src/stm32f1xx_it.c.obj
                0x08006d0c                NMI_Handler
 .text.HardFault_Handler
                0x08006d14        0x8 CMakeFiles/keyboard_repair_lenovo_based_on_stm32f103c8t6.dir/Core/Src/stm32f1xx_it.c.obj
                0x08006d14                HardFault_Handler
 .text.MemManage_Handler
                0x08006d1c        0x8 CMakeFiles/keyboard_repair_lenovo_based_on_stm32f103c8t6.dir/Core/Src/stm32f1xx_it.c.obj
                0x08006d1c                MemManage_Handler
 .text.BusFault_Handler
                0x08006d24        0x8 CMakeFiles/keyboard_repair_lenovo_based_on_stm32f103c8t6.dir/Core/Src/stm32f1xx_it.c.obj
                0x08006d24                BusFault_Handler
 .text.UsageFault_Handler
                0x08006d2c        0x8 CMakeFiles/keyboard_repair_lenovo_based_on_stm32f103c8t6.dir/Core/Src/stm32f1xx_it.c.obj
                0x08006d2c                UsageFault_Handler
 .text.SVC_Handler
                0x08006d34        0xc CMakeFiles/keyboard_repair_lenovo_based_on_stm32f103c8t6.dir/Core/Src/stm32f1xx_it.c.obj
                0x08006d34                SVC_Handler
 .text.DebugMon_Handler
                0x08006d40        0xc CMakeFiles/keyboard_repair_lenovo_based_on_stm32f103c8t6.dir/Core/Src/stm32f1xx_it.c.obj
                0x08006d40                DebugMon_Handler
 .text.PendSV_Handler
                0x08006d4c        0xc CMakeFiles/keyboard_repair_lenovo_based_on_stm32f103c8t6.dir/Core/Src/stm32f1xx_it.c.obj
                0x08006d4c                PendSV_Handler
 .text.SysTick_Handler
                0x08006d58        0xc CMakeFiles/keyboard_repair_lenovo_based_on_stm32f103c8t6.dir/Core/Src/stm32f1xx_it.c.obj
                0x08006d58                SysTick_Handler
 .text.USB_LP_CAN1_RX0_IRQHandler
                0x08006d64       0x14 CMakeFiles/keyboard_repair_lenovo_based_on_stm32f103c8t6.dir/Core/Src/stm32f1xx_it.c.obj
                0x08006d64                USB_LP_CAN1_RX0_IRQHandler
 .text.HAL_MspInit
                0x08006d78       0x64 CMakeFiles/keyboard_repair_lenovo_based_on_stm32f103c8t6.dir/Core/Src/stm32f1xx_hal_msp.c.obj
                0x08006d78                HAL_MspInit
 .text.Reset_Handler
                0x08006ddc       0x48 CMakeFiles/keyboard_repair_lenovo_based_on_stm32f103c8t6.dir/startup_stm32f103xb.s.obj
                0x08006ddc                Reset_Handler
 .text.Default_Handler
                0x08006e24        0x2 CMakeFiles/keyboard_repair_lenovo_based_on_stm32f103c8t6.dir/startup_stm32f103xb.s.obj
                0x08006e24                USBWakeUp_IRQHandler
                0x08006e24                EXTI2_IRQHandler
                0x08006e24                TIM1_CC_IRQHandler
                0x08006e24                PVD_IRQHandler
                0x08006e24                EXTI3_IRQHandler
                0x08006e24                EXTI0_IRQHandler
                0x08006e24                I2C2_EV_IRQHandler
                0x08006e24                ADC1_2_IRQHandler
                0x08006e24                SPI1_IRQHandler
                0x08006e24                TAMPER_IRQHandler
                0x08006e24                DMA1_Channel4_IRQHandler
                0x08006e24                USART3_IRQHandler
                0x08006e24                RTC_IRQHandler
                0x08006e24                DMA1_Channel7_IRQHandler
                0x08006e24                CAN1_RX1_IRQHandler
                0x08006e24                TIM4_IRQHandler
                0x08006e24                I2C1_EV_IRQHandler
                0x08006e24                DMA1_Channel6_IRQHandler
                0x08006e24                TIM3_IRQHandler
                0x08006e24                RCC_IRQHandler
                0x08006e24                TIM1_TRG_COM_IRQHandler
                0x08006e24                DMA1_Channel1_IRQHandler
                0x08006e24                Default_Handler
                0x08006e24                EXTI15_10_IRQHandler
                0x08006e24                EXTI9_5_IRQHandler
                0x08006e24                SPI2_IRQHandler
                0x08006e24                DMA1_Channel5_IRQHandler
                0x08006e24                EXTI4_IRQHandler
                0x08006e24                USB_HP_CAN1_TX_IRQHandler
                0x08006e24                DMA1_Channel3_IRQHandler
                0x08006e24                TIM1_UP_IRQHandler
                0x08006e24                WWDG_IRQHandler
                0x08006e24                TIM2_IRQHandler
                0x08006e24                TIM1_BRK_IRQHandler
                0x08006e24                EXTI1_IRQHandler
                0x08006e24                USART2_IRQHandler
                0x08006e24                I2C2_ER_IRQHandler
                0x08006e24                DMA1_Channel2_IRQHandler
                0x08006e24                CAN1_SCE_IRQHandler
                0x08006e24                FLASH_IRQHandler
                0x08006e24                USART1_IRQHandler
                0x08006e24                I2C1_ER_IRQHandler
                0x08006e24                RTC_Alarm_IRQHandler
 *(.glue_7)
 .glue_7        0x08006e26        0x0 linker stubs
 *(.glue_7t)
 .glue_7t       0x08006e26        0x0 linker stubs
 *(.eh_frame)
 *fill*         0x08006e26        0x2 
 .eh_frame      0x08006e28        0x0 /opt/ST/STM32CubeCLT_1.18.0/GNU-tools-for-STM32/bin/../lib/gcc/arm-none-eabi/13.3.1/thumb/v7-m/nofp/crtbegin.o
 *(.init)
 .init          0x08006e28        0x4 /opt/ST/STM32CubeCLT_1.18.0/GNU-tools-for-STM32/bin/../lib/gcc/arm-none-eabi/13.3.1/thumb/v7-m/nofp/crti.o
                0x08006e28                _init
 .init          0x08006e2c        0x8 /opt/ST/STM32CubeCLT_1.18.0/GNU-tools-for-STM32/bin/../lib/gcc/arm-none-eabi/13.3.1/thumb/v7-m/nofp/crtn.o
 *(.fini)
 .fini          0x08006e34        0x4 /opt/ST/STM32CubeCLT_1.18.0/GNU-tools-for-STM32/bin/../lib/gcc/arm-none-eabi/13.3.1/thumb/v7-m/nofp/crti.o
                0x08006e34                _fini
 .fini          0x08006e38        0x8 /opt/ST/STM32CubeCLT_1.18.0/GNU-tools-for-STM32/bin/../lib/gcc/arm-none-eabi/13.3.1/thumb/v7-m/nofp/crtn.o
                0x08006e40                        . = ALIGN (0x4)
                0x08006e40                        _etext = .

.vfp11_veneer   0x08006e40        0x0
 .vfp11_veneer  0x08006e40        0x0 linker stubs

.v4_bx          0x08006e40        0x0
 .v4_bx         0x08006e40        0x0 linker stubs

.iplt           0x08006e40        0x0
 .iplt          0x08006e40        0x0 /opt/ST/STM32CubeCLT_1.18.0/GNU-tools-for-STM32/bin/../lib/gcc/arm-none-eabi/13.3.1/thumb/v7-m/nofp/crtbegin.o

.rodata         0x08006e40       0x64
                0x08006e40                        . = ALIGN (0x4)
 *(.rodata)
 .rodata        0x08006e40       0x3e CMakeFiles/keyboard_repair_lenovo_based_on_stm32f103c8t6.dir/USB_DEVICE/App/usbd_desc.c.obj
 *(.rodata*)
 *fill*         0x08006e7e        0x2 
 .rodata.AHBPrescTable
                0x08006e80       0x10 cmake/stm32cubemx/CMakeFiles/STM32_Drivers.dir/__/__/Core/Src/system_stm32f1xx.c.obj
                0x08006e80                AHBPrescTable
 .rodata.aPLLMULFactorTable.1
                0x08006e90       0x10 cmake/stm32cubemx/CMakeFiles/STM32_Drivers.dir/__/__/Drivers/STM32F1xx_HAL_Driver/Src/stm32f1xx_hal_rcc.c.obj
 .rodata.aPredivFactorTable.0
                0x08006ea0        0x2 cmake/stm32cubemx/CMakeFiles/STM32_Drivers.dir/__/__/Drivers/STM32F1xx_HAL_Driver/Src/stm32f1xx_hal_rcc.c.obj
                0x08006ea4                        . = ALIGN (0x4)
 *fill*         0x08006ea2        0x2 

.ARM.extab      0x08006ea4        0x0
                0x08006ea4                        . = ALIGN (0x4)
 *(.ARM.extab* .gnu.linkonce.armextab.*)
                0x08006ea4                        . = ALIGN (0x4)

.ARM            0x08006ea4        0x0
                0x08006ea4                        . = ALIGN (0x4)
                0x08006ea4                        __exidx_start = .
 *(.ARM.exidx*)
                0x08006ea4                        __exidx_end = .
                0x08006ea4                        . = ALIGN (0x4)

.preinit_array  0x08006ea4        0x0
                0x08006ea4                        . = ALIGN (0x4)
                0x08006ea4                        PROVIDE (__preinit_array_start = .)
 *(.preinit_array*)
                0x08006ea4                        PROVIDE (__preinit_array_end = .)
                0x08006ea4                        . = ALIGN (0x4)

.init_array     0x08006ea4        0x4
                0x08006ea4                        . = ALIGN (0x4)
                0x08006ea4                        PROVIDE (__init_array_start = .)
 *(SORT_BY_NAME(.init_array.*))
 *(.init_array*)
 .init_array    0x08006ea4        0x4 /opt/ST/STM32CubeCLT_1.18.0/GNU-tools-for-STM32/bin/../lib/gcc/arm-none-eabi/13.3.1/thumb/v7-m/nofp/crtbegin.o
                0x08006ea8                        PROVIDE (__init_array_end = .)
                0x08006ea8                        . = ALIGN (0x4)

.fini_array     0x08006ea8        0x4
                0x08006ea8                        . = ALIGN (0x4)
                [!provide]                        PROVIDE (__fini_array_start = .)
 *(SORT_BY_NAME(.fini_array.*))
 *(.fini_array*)
 .fini_array    0x08006ea8        0x4 /opt/ST/STM32CubeCLT_1.18.0/GNU-tools-for-STM32/bin/../lib/gcc/arm-none-eabi/13.3.1/thumb/v7-m/nofp/crtbegin.o
                [!provide]                        PROVIDE (__fini_array_end = .)
                0x08006eac                        . = ALIGN (0x4)
                0x08006eac                        _sidata = LOADADDR (.data)

.rel.dyn        0x08006eac        0x0
 .rel.iplt      0x08006eac        0x0 /opt/ST/STM32CubeCLT_1.18.0/GNU-tools-for-STM32/bin/../lib/gcc/arm-none-eabi/13.3.1/thumb/v7-m/nofp/crtbegin.o

.data           0x20000000      0x158 load address 0x08006eac
                0x20000000                        . = ALIGN (0x4)
                0x20000000                        _sdata = .
 *(.data)
 *(.data*)
 .data.SystemCoreClock
                0x20000000        0x4 cmake/stm32cubemx/CMakeFiles/STM32_Drivers.dir/__/__/Core/Src/system_stm32f1xx.c.obj
                0x20000000                SystemCoreClock
 .data.uwTickPrio
                0x20000004        0x4 cmake/stm32cubemx/CMakeFiles/STM32_Drivers.dir/__/__/Drivers/STM32F1xx_HAL_Driver/Src/stm32f1xx_hal.c.obj
                0x20000004                uwTickPrio
 .data.uwTickFreq
                0x20000008        0x1 cmake/stm32cubemx/CMakeFiles/STM32_Drivers.dir/__/__/Drivers/STM32F1xx_HAL_Driver/Src/stm32f1xx_hal.c.obj
                0x20000008                uwTickFreq
 *fill*         0x20000009        0x3 
 .data.USBD_HID
                0x2000000c       0x38 cmake/stm32cubemx/CMakeFiles/USB_Device_Library.dir/__/__/Middlewares/ST/STM32_USB_Device_Library/Class/HID/Src/usbd_hid.c.obj
                0x2000000c                USBD_HID
 .data.USBD_HID_CfgFSDesc
                0x20000044       0x22 cmake/stm32cubemx/CMakeFiles/USB_Device_Library.dir/__/__/Middlewares/ST/STM32_USB_Device_Library/Class/HID/Src/usbd_hid.c.obj
 *fill*         0x20000066        0x2 
 .data.USBD_HID_CfgHSDesc
                0x20000068       0x22 cmake/stm32cubemx/CMakeFiles/USB_Device_Library.dir/__/__/Middlewares/ST/STM32_USB_Device_Library/Class/HID/Src/usbd_hid.c.obj
 *fill*         0x2000008a        0x2 
 .data.USBD_HID_OtherSpeedCfgDesc
                0x2000008c       0x22 cmake/stm32cubemx/CMakeFiles/USB_Device_Library.dir/__/__/Middlewares/ST/STM32_USB_Device_Library/Class/HID/Src/usbd_hid.c.obj
 *fill*         0x200000ae        0x2 
 .data.USBD_HID_Desc
                0x200000b0        0x9 cmake/stm32cubemx/CMakeFiles/USB_Device_Library.dir/__/__/Middlewares/ST/STM32_USB_Device_Library/Class/HID/Src/usbd_hid.c.obj
 *fill*         0x200000b9        0x3 
 .data.USBD_HID_DeviceQualifierDesc
                0x200000bc        0xa cmake/stm32cubemx/CMakeFiles/USB_Device_Library.dir/__/__/Middlewares/ST/STM32_USB_Device_Library/Class/HID/Src/usbd_hid.c.obj
 *fill*         0x200000c6        0x2 
 .data.HID_MOUSE_ReportDesc
                0x200000c8       0x3f cmake/stm32cubemx/CMakeFiles/USB_Device_Library.dir/__/__/Middlewares/ST/STM32_USB_Device_Library/Class/HID/Src/usbd_hid.c.obj
 *fill*         0x20000107        0x1 
 .data.FS_Desc  0x20000108       0x1c CMakeFiles/keyboard_repair_lenovo_based_on_stm32f103c8t6.dir/USB_DEVICE/App/usbd_desc.c.obj
                0x20000108                FS_Desc
 .data.USBD_FS_DeviceDesc
                0x20000124       0x12 CMakeFiles/keyboard_repair_lenovo_based_on_stm32f103c8t6.dir/USB_DEVICE/App/usbd_desc.c.obj
                0x20000124                USBD_FS_DeviceDesc
 *fill*         0x20000136        0x2 
 .data.USBD_LangIDDesc
                0x20000138        0x4 CMakeFiles/keyboard_repair_lenovo_based_on_stm32f103c8t6.dir/USB_DEVICE/App/usbd_desc.c.obj
                0x20000138                USBD_LangIDDesc
 .data.USBD_StringSerial
                0x2000013c       0x1a CMakeFiles/keyboard_repair_lenovo_based_on_stm32f103c8t6.dir/USB_DEVICE/App/usbd_desc.c.obj
                0x2000013c                USBD_StringSerial
 *(.RamFunc)
 *(.RamFunc*)
                0x20000158                        . = ALIGN (0x4)
 *fill*         0x20000156        0x2 
                0x20000158                        _edata = .

.igot.plt       0x20000158        0x0 load address 0x08007004
 .igot.plt      0x20000158        0x0 /opt/ST/STM32CubeCLT_1.18.0/GNU-tools-for-STM32/bin/../lib/gcc/arm-none-eabi/13.3.1/thumb/v7-m/nofp/crtbegin.o
                0x20000158                        . = ALIGN (0x4)

.bss            0x20000158      0x7dc load address 0x08007004
                0x20000158                        _sbss = .
                0x20000158                        __bss_start__ = _sbss
 *(.bss)
 .bss           0x20000158       0x1c /opt/ST/STM32CubeCLT_1.18.0/GNU-tools-for-STM32/bin/../lib/gcc/arm-none-eabi/13.3.1/thumb/v7-m/nofp/crtbegin.o
 *(.bss*)
 .bss.uwTick    0x20000174        0x4 cmake/stm32cubemx/CMakeFiles/STM32_Drivers.dir/__/__/Drivers/STM32F1xx_HAL_Driver/Src/stm32f1xx_hal.c.obj
                0x20000174                uwTick
 .bss.cfgidx.0  0x20000178        0x1 cmake/stm32cubemx/CMakeFiles/USB_Device_Library.dir/__/__/Middlewares/ST/STM32_USB_Device_Library/Core/Src/usbd_ctlreq.c.obj
 *fill*         0x20000179        0x3 
 .bss.hpcd_USB_FS
                0x2000017c      0x2d8 CMakeFiles/keyboard_repair_lenovo_based_on_stm32f103c8t6.dir/USB_DEVICE/Target/usbd_conf.c.obj
                0x2000017c                hpcd_USB_FS
 .bss.mem.0     0x20000454       0x14 CMakeFiles/keyboard_repair_lenovo_based_on_stm32f103c8t6.dir/USB_DEVICE/Target/usbd_conf.c.obj
 .bss.hUsbDeviceFS
                0x20000468      0x2c4 CMakeFiles/keyboard_repair_lenovo_based_on_stm32f103c8t6.dir/USB_DEVICE/App/usb_device.c.obj
                0x20000468                hUsbDeviceFS
 .bss.USBD_StrDesc
                0x2000072c      0x200 CMakeFiles/keyboard_repair_lenovo_based_on_stm32f103c8t6.dir/USB_DEVICE/App/usbd_desc.c.obj
                0x2000072c                USBD_StrDesc
 .bss.keyBoardHIDsub
                0x2000092c        0x8 CMakeFiles/keyboard_repair_lenovo_based_on_stm32f103c8t6.dir/Core/Src/main.c.obj
                0x2000092c                keyBoardHIDsub
 *(COMMON)
                0x20000934                        . = ALIGN (0x4)
                0x20000934                        _ebss = .
                0x20000934                        __bss_end__ = _ebss

._user_heap_stack
                0x20000934      0x604 load address 0x08007004
                0x20000938                        . = ALIGN (0x8)
 *fill*         0x20000934        0x4 
                [!provide]                        PROVIDE (end = .)
                0x20000938                        PROVIDE (_end = .)
                0x20000b38                        . = (. + _Min_Heap_Size)
 *fill*         0x20000938      0x200 
                0x20000f38                        . = (. + _Min_Stack_Size)
 *fill*         0x20000b38      0x400 
                0x20000f38                        . = ALIGN (0x8)

/DISCARD/
 libc.a(*)
 libm.a(*)
 libgcc.a(*)
OUTPUT(keyboard_repair_lenovo_based_on_stm32f103c8t6.elf elf32-littlearm)
LOAD linker stubs
LOAD /opt/ST/STM32CubeCLT_1.18.0/GNU-tools-for-STM32/bin/../lib/gcc/arm-none-eabi/13.3.1/../../../../arm-none-eabi/lib/thumb/v7-m/nofp/libc.a
LOAD /opt/ST/STM32CubeCLT_1.18.0/GNU-tools-for-STM32/bin/../lib/gcc/arm-none-eabi/13.3.1/../../../../arm-none-eabi/lib/thumb/v7-m/nofp/libm.a
LOAD /opt/ST/STM32CubeCLT_1.18.0/GNU-tools-for-STM32/bin/../lib/gcc/arm-none-eabi/13.3.1/thumb/v7-m/nofp/libgcc.a

.ARM.attributes
                0x00000000       0x29
 .ARM.attributes
                0x00000000       0x1d /opt/ST/STM32CubeCLT_1.18.0/GNU-tools-for-STM32/bin/../lib/gcc/arm-none-eabi/13.3.1/thumb/v7-m/nofp/crti.o
 .ARM.attributes
                0x0000001d       0x2d /opt/ST/STM32CubeCLT_1.18.0/GNU-tools-for-STM32/bin/../lib/gcc/arm-none-eabi/13.3.1/thumb/v7-m/nofp/crtbegin.o
 .ARM.attributes
                0x0000004a       0x2d /opt/ST/STM32CubeCLT_1.18.0/GNU-tools-for-STM32/bin/../lib/gcc/arm-none-eabi/13.3.1/../../../../arm-none-eabi/lib/thumb/v7-m/nofp/libc_nano.a(libc_a-memset.o)
 .ARM.attributes
                0x00000077       0x2d /opt/ST/STM32CubeCLT_1.18.0/GNU-tools-for-STM32/bin/../lib/gcc/arm-none-eabi/13.3.1/../../../../arm-none-eabi/lib/thumb/v7-m/nofp/libc_nano.a(libc_a-init.o)
 .ARM.attributes
                0x000000a4       0x2d cmake/stm32cubemx/CMakeFiles/STM32_Drivers.dir/__/__/Core/Src/system_stm32f1xx.c.obj
 .ARM.attributes
                0x000000d1       0x2d cmake/stm32cubemx/CMakeFiles/STM32_Drivers.dir/__/__/Drivers/STM32F1xx_HAL_Driver/Src/stm32f1xx_hal_pcd.c.obj
 .ARM.attributes
                0x000000fe       0x2d cmake/stm32cubemx/CMakeFiles/STM32_Drivers.dir/__/__/Drivers/STM32F1xx_HAL_Driver/Src/stm32f1xx_hal_pcd_ex.c.obj
 .ARM.attributes
                0x0000012b       0x2d cmake/stm32cubemx/CMakeFiles/STM32_Drivers.dir/__/__/Drivers/STM32F1xx_HAL_Driver/Src/stm32f1xx_ll_usb.c.obj
 .ARM.attributes
                0x00000158       0x2d cmake/stm32cubemx/CMakeFiles/STM32_Drivers.dir/__/__/Drivers/STM32F1xx_HAL_Driver/Src/stm32f1xx_hal.c.obj
 .ARM.attributes
                0x00000185       0x2d cmake/stm32cubemx/CMakeFiles/STM32_Drivers.dir/__/__/Drivers/STM32F1xx_HAL_Driver/Src/stm32f1xx_hal_rcc.c.obj
 .ARM.attributes
                0x000001b2       0x2d cmake/stm32cubemx/CMakeFiles/STM32_Drivers.dir/__/__/Drivers/STM32F1xx_HAL_Driver/Src/stm32f1xx_hal_rcc_ex.c.obj
 .ARM.attributes
                0x000001df       0x2d cmake/stm32cubemx/CMakeFiles/STM32_Drivers.dir/__/__/Drivers/STM32F1xx_HAL_Driver/Src/stm32f1xx_hal_cortex.c.obj
 .ARM.attributes
                0x0000020c       0x2d cmake/stm32cubemx/CMakeFiles/USB_Device_Library.dir/__/__/Middlewares/ST/STM32_USB_Device_Library/Core/Src/usbd_core.c.obj
 .ARM.attributes
                0x00000239       0x2d cmake/stm32cubemx/CMakeFiles/USB_Device_Library.dir/__/__/Middlewares/ST/STM32_USB_Device_Library/Core/Src/usbd_ctlreq.c.obj
 .ARM.attributes
                0x00000266       0x2d cmake/stm32cubemx/CMakeFiles/USB_Device_Library.dir/__/__/Middlewares/ST/STM32_USB_Device_Library/Core/Src/usbd_ioreq.c.obj
 .ARM.attributes
                0x00000293       0x2d cmake/stm32cubemx/CMakeFiles/USB_Device_Library.dir/__/__/Middlewares/ST/STM32_USB_Device_Library/Class/HID/Src/usbd_hid.c.obj
 .ARM.attributes
                0x000002c0       0x2d CMakeFiles/keyboard_repair_lenovo_based_on_stm32f103c8t6.dir/USB_DEVICE/Target/usbd_conf.c.obj
 .ARM.attributes
                0x000002ed       0x2d CMakeFiles/keyboard_repair_lenovo_based_on_stm32f103c8t6.dir/USB_DEVICE/App/usb_device.c.obj
 .ARM.attributes
                0x0000031a       0x2d CMakeFiles/keyboard_repair_lenovo_based_on_stm32f103c8t6.dir/USB_DEVICE/App/usbd_desc.c.obj
 .ARM.attributes
                0x00000347       0x2d CMakeFiles/keyboard_repair_lenovo_based_on_stm32f103c8t6.dir/Core/Src/main.c.obj
 .ARM.attributes
                0x00000374       0x2d CMakeFiles/keyboard_repair_lenovo_based_on_stm32f103c8t6.dir/Core/Src/stm32f1xx_it.c.obj
 .ARM.attributes
                0x000003a1       0x2d CMakeFiles/keyboard_repair_lenovo_based_on_stm32f103c8t6.dir/Core/Src/stm32f1xx_hal_msp.c.obj
 .ARM.attributes
                0x000003ce       0x21 CMakeFiles/keyboard_repair_lenovo_based_on_stm32f103c8t6.dir/startup_stm32f103xb.s.obj
 .ARM.attributes
                0x000003ef       0x1d /opt/ST/STM32CubeCLT_1.18.0/GNU-tools-for-STM32/bin/../lib/gcc/arm-none-eabi/13.3.1/thumb/v7-m/nofp/crtn.o

.comment        0x00000000       0x43
 .comment       0x00000000       0x43 cmake/stm32cubemx/CMakeFiles/STM32_Drivers.dir/__/__/Core/Src/system_stm32f1xx.c.obj
                                 0x44 (size before relaxing)
 .comment       0x00000043       0x44 cmake/stm32cubemx/CMakeFiles/STM32_Drivers.dir/__/__/Drivers/STM32F1xx_HAL_Driver/Src/stm32f1xx_hal_pcd.c.obj
 .comment       0x00000043       0x44 cmake/stm32cubemx/CMakeFiles/STM32_Drivers.dir/__/__/Drivers/STM32F1xx_HAL_Driver/Src/stm32f1xx_hal_pcd_ex.c.obj
 .comment       0x00000043       0x44 cmake/stm32cubemx/CMakeFiles/STM32_Drivers.dir/__/__/Drivers/STM32F1xx_HAL_Driver/Src/stm32f1xx_ll_usb.c.obj
 .comment       0x00000043       0x44 cmake/stm32cubemx/CMakeFiles/STM32_Drivers.dir/__/__/Drivers/STM32F1xx_HAL_Driver/Src/stm32f1xx_hal.c.obj
 .comment       0x00000043       0x44 cmake/stm32cubemx/CMakeFiles/STM32_Drivers.dir/__/__/Drivers/STM32F1xx_HAL_Driver/Src/stm32f1xx_hal_rcc.c.obj
 .comment       0x00000043       0x44 cmake/stm32cubemx/CMakeFiles/STM32_Drivers.dir/__/__/Drivers/STM32F1xx_HAL_Driver/Src/stm32f1xx_hal_rcc_ex.c.obj
 .comment       0x00000043       0x44 cmake/stm32cubemx/CMakeFiles/STM32_Drivers.dir/__/__/Drivers/STM32F1xx_HAL_Driver/Src/stm32f1xx_hal_cortex.c.obj
 .comment       0x00000043       0x44 cmake/stm32cubemx/CMakeFiles/USB_Device_Library.dir/__/__/Middlewares/ST/STM32_USB_Device_Library/Core/Src/usbd_core.c.obj
 .comment       0x00000043       0x44 cmake/stm32cubemx/CMakeFiles/USB_Device_Library.dir/__/__/Middlewares/ST/STM32_USB_Device_Library/Core/Src/usbd_ctlreq.c.obj
 .comment       0x00000043       0x44 cmake/stm32cubemx/CMakeFiles/USB_Device_Library.dir/__/__/Middlewares/ST/STM32_USB_Device_Library/Core/Src/usbd_ioreq.c.obj
 .comment       0x00000043       0x44 cmake/stm32cubemx/CMakeFiles/USB_Device_Library.dir/__/__/Middlewares/ST/STM32_USB_Device_Library/Class/HID/Src/usbd_hid.c.obj
 .comment       0x00000043       0x44 CMakeFiles/keyboard_repair_lenovo_based_on_stm32f103c8t6.dir/USB_DEVICE/Target/usbd_conf.c.obj
 .comment       0x00000043       0x44 CMakeFiles/keyboard_repair_lenovo_based_on_stm32f103c8t6.dir/USB_DEVICE/App/usb_device.c.obj
 .comment       0x00000043       0x44 CMakeFiles/keyboard_repair_lenovo_based_on_stm32f103c8t6.dir/USB_DEVICE/App/usbd_desc.c.obj
 .comment       0x00000043       0x44 CMakeFiles/keyboard_repair_lenovo_based_on_stm32f103c8t6.dir/Core/Src/main.c.obj
 .comment       0x00000043       0x44 CMakeFiles/keyboard_repair_lenovo_based_on_stm32f103c8t6.dir/Core/Src/stm32f1xx_it.c.obj
 .comment       0x00000043       0x44 CMakeFiles/keyboard_repair_lenovo_based_on_stm32f103c8t6.dir/Core/Src/stm32f1xx_hal_msp.c.obj

.debug_frame    0x00000000     0x2518
 .debug_frame   0x00000000       0x20 /opt/ST/STM32CubeCLT_1.18.0/GNU-tools-for-STM32/bin/../lib/gcc/arm-none-eabi/13.3.1/../../../../arm-none-eabi/lib/thumb/v7-m/nofp/libc_nano.a(libc_a-memset.o)
 .debug_frame   0x00000020       0x2c /opt/ST/STM32CubeCLT_1.18.0/GNU-tools-for-STM32/bin/../lib/gcc/arm-none-eabi/13.3.1/../../../../arm-none-eabi/lib/thumb/v7-m/nofp/libc_nano.a(libc_a-init.o)
 .debug_frame   0x0000004c       0x58 cmake/stm32cubemx/CMakeFiles/STM32_Drivers.dir/__/__/Core/Src/system_stm32f1xx.c.obj
 .debug_frame   0x000000a4      0x594 cmake/stm32cubemx/CMakeFiles/STM32_Drivers.dir/__/__/Drivers/STM32F1xx_HAL_Driver/Src/stm32f1xx_hal_pcd.c.obj
 .debug_frame   0x00000638       0xb0 cmake/stm32cubemx/CMakeFiles/STM32_Drivers.dir/__/__/Drivers/STM32F1xx_HAL_Driver/Src/stm32f1xx_hal_pcd_ex.c.obj
 .debug_frame   0x000006e8      0x470 cmake/stm32cubemx/CMakeFiles/STM32_Drivers.dir/__/__/Drivers/STM32F1xx_HAL_Driver/Src/stm32f1xx_ll_usb.c.obj
 .debug_frame   0x00000b58      0x334 cmake/stm32cubemx/CMakeFiles/STM32_Drivers.dir/__/__/Drivers/STM32F1xx_HAL_Driver/Src/stm32f1xx_hal.c.obj
 .debug_frame   0x00000e8c      0x218 cmake/stm32cubemx/CMakeFiles/STM32_Drivers.dir/__/__/Drivers/STM32F1xx_HAL_Driver/Src/stm32f1xx_hal_rcc.c.obj
 .debug_frame   0x000010a4       0x80 cmake/stm32cubemx/CMakeFiles/STM32_Drivers.dir/__/__/Drivers/STM32F1xx_HAL_Driver/Src/stm32f1xx_hal_rcc_ex.c.obj
 .debug_frame   0x00001124      0x428 cmake/stm32cubemx/CMakeFiles/STM32_Drivers.dir/__/__/Drivers/STM32F1xx_HAL_Driver/Src/stm32f1xx_hal_cortex.c.obj
 .debug_frame   0x0000154c      0x300 cmake/stm32cubemx/CMakeFiles/USB_Device_Library.dir/__/__/Middlewares/ST/STM32_USB_Device_Library/Core/Src/usbd_core.c.obj
 .debug_frame   0x0000184c      0x218 cmake/stm32cubemx/CMakeFiles/USB_Device_Library.dir/__/__/Middlewares/ST/STM32_USB_Device_Library/Core/Src/usbd_ctlreq.c.obj
 .debug_frame   0x00001a64      0x10c cmake/stm32cubemx/CMakeFiles/USB_Device_Library.dir/__/__/Middlewares/ST/STM32_USB_Device_Library/Core/Src/usbd_ioreq.c.obj
 .debug_frame   0x00001b70      0x190 cmake/stm32cubemx/CMakeFiles/USB_Device_Library.dir/__/__/Middlewares/ST/STM32_USB_Device_Library/Class/HID/Src/usbd_hid.c.obj
 .debug_frame   0x00001d00      0x4a4 CMakeFiles/keyboard_repair_lenovo_based_on_stm32f103c8t6.dir/USB_DEVICE/Target/usbd_conf.c.obj
 .debug_frame   0x000021a4       0x2c CMakeFiles/keyboard_repair_lenovo_based_on_stm32f103c8t6.dir/USB_DEVICE/App/usb_device.c.obj
 .debug_frame   0x000021d0      0x160 CMakeFiles/keyboard_repair_lenovo_based_on_stm32f103c8t6.dir/USB_DEVICE/App/usbd_desc.c.obj
 .debug_frame   0x00002330       0x90 CMakeFiles/keyboard_repair_lenovo_based_on_stm32f103c8t6.dir/Core/Src/main.c.obj
 .debug_frame   0x000023c0      0x120 CMakeFiles/keyboard_repair_lenovo_based_on_stm32f103c8t6.dir/Core/Src/stm32f1xx_it.c.obj
 .debug_frame   0x000024e0       0x38 CMakeFiles/keyboard_repair_lenovo_based_on_stm32f103c8t6.dir/Core/Src/stm32f1xx_hal_msp.c.obj

.debug_info     0x00000000     0xaaa2
 .debug_info    0x00000000      0x222 cmake/stm32cubemx/CMakeFiles/STM32_Drivers.dir/__/__/Core/Src/system_stm32f1xx.c.obj
 .debug_info    0x00000222     0x16dc cmake/stm32cubemx/CMakeFiles/STM32_Drivers.dir/__/__/Drivers/STM32F1xx_HAL_Driver/Src/stm32f1xx_hal_pcd.c.obj
 .debug_info    0x000018fe      0x6c3 cmake/stm32cubemx/CMakeFiles/STM32_Drivers.dir/__/__/Drivers/STM32F1xx_HAL_Driver/Src/stm32f1xx_hal_pcd_ex.c.obj
 .debug_info    0x00001fc1     0x17ae cmake/stm32cubemx/CMakeFiles/STM32_Drivers.dir/__/__/Drivers/STM32F1xx_HAL_Driver/Src/stm32f1xx_ll_usb.c.obj
 .debug_info    0x0000376f      0x704 cmake/stm32cubemx/CMakeFiles/STM32_Drivers.dir/__/__/Drivers/STM32F1xx_HAL_Driver/Src/stm32f1xx_hal.c.obj
 .debug_info    0x00003e73      0x7d5 cmake/stm32cubemx/CMakeFiles/STM32_Drivers.dir/__/__/Drivers/STM32F1xx_HAL_Driver/Src/stm32f1xx_hal_rcc.c.obj
 .debug_info    0x00004648      0x3c0 cmake/stm32cubemx/CMakeFiles/STM32_Drivers.dir/__/__/Drivers/STM32F1xx_HAL_Driver/Src/stm32f1xx_hal_rcc_ex.c.obj
 .debug_info    0x00004a08      0xa87 cmake/stm32cubemx/CMakeFiles/STM32_Drivers.dir/__/__/Drivers/STM32F1xx_HAL_Driver/Src/stm32f1xx_hal_cortex.c.obj
 .debug_info    0x0000548f      0xa52 cmake/stm32cubemx/CMakeFiles/USB_Device_Library.dir/__/__/Middlewares/ST/STM32_USB_Device_Library/Core/Src/usbd_core.c.obj
 .debug_info    0x00005ee1      0x91c cmake/stm32cubemx/CMakeFiles/USB_Device_Library.dir/__/__/Middlewares/ST/STM32_USB_Device_Library/Core/Src/usbd_ctlreq.c.obj
 .debug_info    0x000067fd      0x6a0 cmake/stm32cubemx/CMakeFiles/USB_Device_Library.dir/__/__/Middlewares/ST/STM32_USB_Device_Library/Core/Src/usbd_ioreq.c.obj
 .debug_info    0x00006e9d      0x927 cmake/stm32cubemx/CMakeFiles/USB_Device_Library.dir/__/__/Middlewares/ST/STM32_USB_Device_Library/Class/HID/Src/usbd_hid.c.obj
 .debug_info    0x000077c4     0x1854 CMakeFiles/keyboard_repair_lenovo_based_on_stm32f103c8t6.dir/USB_DEVICE/Target/usbd_conf.c.obj
 .debug_info    0x00009018      0x53a CMakeFiles/keyboard_repair_lenovo_based_on_stm32f103c8t6.dir/USB_DEVICE/App/usb_device.c.obj
 .debug_info    0x00009552      0x44a CMakeFiles/keyboard_repair_lenovo_based_on_stm32f103c8t6.dir/USB_DEVICE/App/usbd_desc.c.obj
 .debug_info    0x0000999c      0x8e3 CMakeFiles/keyboard_repair_lenovo_based_on_stm32f103c8t6.dir/Core/Src/main.c.obj
 .debug_info    0x0000a27f      0x602 CMakeFiles/keyboard_repair_lenovo_based_on_stm32f103c8t6.dir/Core/Src/stm32f1xx_it.c.obj
 .debug_info    0x0000a881      0x1f1 CMakeFiles/keyboard_repair_lenovo_based_on_stm32f103c8t6.dir/Core/Src/stm32f1xx_hal_msp.c.obj
 .debug_info    0x0000aa72       0x30 CMakeFiles/keyboard_repair_lenovo_based_on_stm32f103c8t6.dir/startup_stm32f103xb.s.obj

.debug_abbrev   0x00000000     0x2529
 .debug_abbrev  0x00000000      0x13f cmake/stm32cubemx/CMakeFiles/STM32_Drivers.dir/__/__/Core/Src/system_stm32f1xx.c.obj
 .debug_abbrev  0x0000013f      0x2d6 cmake/stm32cubemx/CMakeFiles/STM32_Drivers.dir/__/__/Drivers/STM32F1xx_HAL_Driver/Src/stm32f1xx_hal_pcd.c.obj
 .debug_abbrev  0x00000415      0x189 cmake/stm32cubemx/CMakeFiles/STM32_Drivers.dir/__/__/Drivers/STM32F1xx_HAL_Driver/Src/stm32f1xx_hal_pcd_ex.c.obj
 .debug_abbrev  0x0000059e      0x1de cmake/stm32cubemx/CMakeFiles/STM32_Drivers.dir/__/__/Drivers/STM32F1xx_HAL_Driver/Src/stm32f1xx_ll_usb.c.obj
 .debug_abbrev  0x0000077c      0x201 cmake/stm32cubemx/CMakeFiles/STM32_Drivers.dir/__/__/Drivers/STM32F1xx_HAL_Driver/Src/stm32f1xx_hal.c.obj
 .debug_abbrev  0x0000097d      0x2b3 cmake/stm32cubemx/CMakeFiles/STM32_Drivers.dir/__/__/Drivers/STM32F1xx_HAL_Driver/Src/stm32f1xx_hal_rcc.c.obj
 .debug_abbrev  0x00000c30      0x188 cmake/stm32cubemx/CMakeFiles/STM32_Drivers.dir/__/__/Drivers/STM32F1xx_HAL_Driver/Src/stm32f1xx_hal_rcc_ex.c.obj
 .debug_abbrev  0x00000db8      0x2f8 cmake/stm32cubemx/CMakeFiles/STM32_Drivers.dir/__/__/Drivers/STM32F1xx_HAL_Driver/Src/stm32f1xx_hal_cortex.c.obj
 .debug_abbrev  0x000010b0      0x24a cmake/stm32cubemx/CMakeFiles/USB_Device_Library.dir/__/__/Middlewares/ST/STM32_USB_Device_Library/Core/Src/usbd_core.c.obj
 .debug_abbrev  0x000012fa      0x26b cmake/stm32cubemx/CMakeFiles/USB_Device_Library.dir/__/__/Middlewares/ST/STM32_USB_Device_Library/Core/Src/usbd_ctlreq.c.obj
 .debug_abbrev  0x00001565      0x192 cmake/stm32cubemx/CMakeFiles/USB_Device_Library.dir/__/__/Middlewares/ST/STM32_USB_Device_Library/Core/Src/usbd_ioreq.c.obj
 .debug_abbrev  0x000016f7      0x26b cmake/stm32cubemx/CMakeFiles/USB_Device_Library.dir/__/__/Middlewares/ST/STM32_USB_Device_Library/Class/HID/Src/usbd_hid.c.obj
 .debug_abbrev  0x00001962      0x316 CMakeFiles/keyboard_repair_lenovo_based_on_stm32f103c8t6.dir/USB_DEVICE/Target/usbd_conf.c.obj
 .debug_abbrev  0x00001c78      0x188 CMakeFiles/keyboard_repair_lenovo_based_on_stm32f103c8t6.dir/USB_DEVICE/App/usb_device.c.obj
 .debug_abbrev  0x00001e00      0x1ff CMakeFiles/keyboard_repair_lenovo_based_on_stm32f103c8t6.dir/USB_DEVICE/App/usbd_desc.c.obj
 .debug_abbrev  0x00001fff      0x299 CMakeFiles/keyboard_repair_lenovo_based_on_stm32f103c8t6.dir/Core/Src/main.c.obj
 .debug_abbrev  0x00002298      0x192 CMakeFiles/keyboard_repair_lenovo_based_on_stm32f103c8t6.dir/Core/Src/stm32f1xx_it.c.obj
 .debug_abbrev  0x0000242a       0xdb CMakeFiles/keyboard_repair_lenovo_based_on_stm32f103c8t6.dir/Core/Src/stm32f1xx_hal_msp.c.obj
 .debug_abbrev  0x00002505       0x24 CMakeFiles/keyboard_repair_lenovo_based_on_stm32f103c8t6.dir/startup_stm32f103xb.s.obj

.debug_aranges  0x00000000      0x9b0
 .debug_aranges
                0x00000000       0x28 cmake/stm32cubemx/CMakeFiles/STM32_Drivers.dir/__/__/Core/Src/system_stm32f1xx.c.obj
 .debug_aranges
                0x00000028      0x140 cmake/stm32cubemx/CMakeFiles/STM32_Drivers.dir/__/__/Drivers/STM32F1xx_HAL_Driver/Src/stm32f1xx_hal_pcd.c.obj
 .debug_aranges
                0x00000168       0x38 cmake/stm32cubemx/CMakeFiles/STM32_Drivers.dir/__/__/Drivers/STM32F1xx_HAL_Driver/Src/stm32f1xx_hal_pcd_ex.c.obj
 .debug_aranges
                0x000001a0       0xf8 cmake/stm32cubemx/CMakeFiles/STM32_Drivers.dir/__/__/Drivers/STM32F1xx_HAL_Driver/Src/stm32f1xx_ll_usb.c.obj
 .debug_aranges
                0x00000298       0xe0 cmake/stm32cubemx/CMakeFiles/STM32_Drivers.dir/__/__/Drivers/STM32F1xx_HAL_Driver/Src/stm32f1xx_hal.c.obj
 .debug_aranges
                0x00000378       0x90 cmake/stm32cubemx/CMakeFiles/STM32_Drivers.dir/__/__/Drivers/STM32F1xx_HAL_Driver/Src/stm32f1xx_hal_rcc.c.obj
 .debug_aranges
                0x00000408       0x30 cmake/stm32cubemx/CMakeFiles/STM32_Drivers.dir/__/__/Drivers/STM32F1xx_HAL_Driver/Src/stm32f1xx_hal_rcc_ex.c.obj
 .debug_aranges
                0x00000438      0x100 cmake/stm32cubemx/CMakeFiles/STM32_Drivers.dir/__/__/Drivers/STM32F1xx_HAL_Driver/Src/stm32f1xx_hal_cortex.c.obj
 .debug_aranges
                0x00000538       0xb8 cmake/stm32cubemx/CMakeFiles/USB_Device_Library.dir/__/__/Middlewares/ST/STM32_USB_Device_Library/Core/Src/usbd_core.c.obj
 .debug_aranges
                0x000005f0       0x88 cmake/stm32cubemx/CMakeFiles/USB_Device_Library.dir/__/__/Middlewares/ST/STM32_USB_Device_Library/Core/Src/usbd_ctlreq.c.obj
 .debug_aranges
                0x00000678       0x50 cmake/stm32cubemx/CMakeFiles/USB_Device_Library.dir/__/__/Middlewares/ST/STM32_USB_Device_Library/Core/Src/usbd_ioreq.c.obj
 .debug_aranges
                0x000006c8       0x68 cmake/stm32cubemx/CMakeFiles/USB_Device_Library.dir/__/__/Middlewares/ST/STM32_USB_Device_Library/Class/HID/Src/usbd_hid.c.obj
 .debug_aranges
                0x00000730      0x118 CMakeFiles/keyboard_repair_lenovo_based_on_stm32f103c8t6.dir/USB_DEVICE/Target/usbd_conf.c.obj
 .debug_aranges
                0x00000848       0x20 CMakeFiles/keyboard_repair_lenovo_based_on_stm32f103c8t6.dir/USB_DEVICE/App/usb_device.c.obj
 .debug_aranges
                0x00000868       0x60 CMakeFiles/keyboard_repair_lenovo_based_on_stm32f103c8t6.dir/USB_DEVICE/App/usbd_desc.c.obj
 .debug_aranges
                0x000008c8       0x38 CMakeFiles/keyboard_repair_lenovo_based_on_stm32f103c8t6.dir/Core/Src/main.c.obj
 .debug_aranges
                0x00000900       0x68 CMakeFiles/keyboard_repair_lenovo_based_on_stm32f103c8t6.dir/Core/Src/stm32f1xx_it.c.obj
 .debug_aranges
                0x00000968       0x20 CMakeFiles/keyboard_repair_lenovo_based_on_stm32f103c8t6.dir/Core/Src/stm32f1xx_hal_msp.c.obj
 .debug_aranges
                0x00000988       0x28 CMakeFiles/keyboard_repair_lenovo_based_on_stm32f103c8t6.dir/startup_stm32f103xb.s.obj

.debug_rnglists
                0x00000000      0x70d
 .debug_rnglists
                0x00000000       0x1a cmake/stm32cubemx/CMakeFiles/STM32_Drivers.dir/__/__/Core/Src/system_stm32f1xx.c.obj
 .debug_rnglists
                0x0000001a       0xf4 cmake/stm32cubemx/CMakeFiles/STM32_Drivers.dir/__/__/Drivers/STM32F1xx_HAL_Driver/Src/stm32f1xx_hal_pcd.c.obj
 .debug_rnglists
                0x0000010e       0x26 cmake/stm32cubemx/CMakeFiles/STM32_Drivers.dir/__/__/Drivers/STM32F1xx_HAL_Driver/Src/stm32f1xx_hal_pcd_ex.c.obj
 .debug_rnglists
                0x00000134       0xbd cmake/stm32cubemx/CMakeFiles/STM32_Drivers.dir/__/__/Drivers/STM32F1xx_HAL_Driver/Src/stm32f1xx_ll_usb.c.obj
 .debug_rnglists
                0x000001f1       0xa3 cmake/stm32cubemx/CMakeFiles/STM32_Drivers.dir/__/__/Drivers/STM32F1xx_HAL_Driver/Src/stm32f1xx_hal.c.obj
 .debug_rnglists
                0x00000294       0x6c cmake/stm32cubemx/CMakeFiles/STM32_Drivers.dir/__/__/Drivers/STM32F1xx_HAL_Driver/Src/stm32f1xx_hal_rcc.c.obj
 .debug_rnglists
                0x00000300       0x21 cmake/stm32cubemx/CMakeFiles/STM32_Drivers.dir/__/__/Drivers/STM32F1xx_HAL_Driver/Src/stm32f1xx_hal_rcc_ex.c.obj
 .debug_rnglists
                0x00000321       0xbb cmake/stm32cubemx/CMakeFiles/STM32_Drivers.dir/__/__/Drivers/STM32F1xx_HAL_Driver/Src/stm32f1xx_hal_cortex.c.obj
 .debug_rnglists
                0x000003dc       0x89 cmake/stm32cubemx/CMakeFiles/USB_Device_Library.dir/__/__/Middlewares/ST/STM32_USB_Device_Library/Core/Src/usbd_core.c.obj
 .debug_rnglists
                0x00000465       0x68 cmake/stm32cubemx/CMakeFiles/USB_Device_Library.dir/__/__/Middlewares/ST/STM32_USB_Device_Library/Core/Src/usbd_ctlreq.c.obj
 .debug_rnglists
                0x000004cd       0x37 cmake/stm32cubemx/CMakeFiles/USB_Device_Library.dir/__/__/Middlewares/ST/STM32_USB_Device_Library/Core/Src/usbd_ioreq.c.obj
 .debug_rnglists
                0x00000504       0x4a cmake/stm32cubemx/CMakeFiles/USB_Device_Library.dir/__/__/Middlewares/ST/STM32_USB_Device_Library/Class/HID/Src/usbd_hid.c.obj
 .debug_rnglists
                0x0000054e       0xce CMakeFiles/keyboard_repair_lenovo_based_on_stm32f103c8t6.dir/USB_DEVICE/Target/usbd_conf.c.obj
 .debug_rnglists
                0x0000061c       0x13 CMakeFiles/keyboard_repair_lenovo_based_on_stm32f103c8t6.dir/USB_DEVICE/App/usb_device.c.obj
 .debug_rnglists
                0x0000062f       0x43 CMakeFiles/keyboard_repair_lenovo_based_on_stm32f103c8t6.dir/USB_DEVICE/App/usbd_desc.c.obj
 .debug_rnglists
                0x00000672       0x26 CMakeFiles/keyboard_repair_lenovo_based_on_stm32f103c8t6.dir/Core/Src/main.c.obj
 .debug_rnglists
                0x00000698       0x49 CMakeFiles/keyboard_repair_lenovo_based_on_stm32f103c8t6.dir/Core/Src/stm32f1xx_it.c.obj
 .debug_rnglists
                0x000006e1       0x13 CMakeFiles/keyboard_repair_lenovo_based_on_stm32f103c8t6.dir/Core/Src/stm32f1xx_hal_msp.c.obj
 .debug_rnglists
                0x000006f4       0x19 CMakeFiles/keyboard_repair_lenovo_based_on_stm32f103c8t6.dir/startup_stm32f103xb.s.obj

.debug_macro    0x00000000    0x18be0
 .debug_macro   0x00000000      0x1a8 cmake/stm32cubemx/CMakeFiles/STM32_Drivers.dir/__/__/Core/Src/system_stm32f1xx.c.obj
 .debug_macro   0x000001a8      0xacc cmake/stm32cubemx/CMakeFiles/STM32_Drivers.dir/__/__/Core/Src/system_stm32f1xx.c.obj
 .debug_macro   0x00000c74       0x2e cmake/stm32cubemx/CMakeFiles/STM32_Drivers.dir/__/__/Core/Src/system_stm32f1xx.c.obj
 .debug_macro   0x00000ca2       0x22 cmake/stm32cubemx/CMakeFiles/STM32_Drivers.dir/__/__/Core/Src/system_stm32f1xx.c.obj
 .debug_macro   0x00000cc4       0x22 cmake/stm32cubemx/CMakeFiles/STM32_Drivers.dir/__/__/Core/Src/system_stm32f1xx.c.obj
 .debug_macro   0x00000ce6       0x8e cmake/stm32cubemx/CMakeFiles/STM32_Drivers.dir/__/__/Core/Src/system_stm32f1xx.c.obj
 .debug_macro   0x00000d74       0x51 cmake/stm32cubemx/CMakeFiles/STM32_Drivers.dir/__/__/Core/Src/system_stm32f1xx.c.obj
 .debug_macro   0x00000dc5      0x103 cmake/stm32cubemx/CMakeFiles/STM32_Drivers.dir/__/__/Core/Src/system_stm32f1xx.c.obj
 .debug_macro   0x00000ec8       0x6a cmake/stm32cubemx/CMakeFiles/STM32_Drivers.dir/__/__/Core/Src/system_stm32f1xx.c.obj
 .debug_macro   0x00000f32      0x1df cmake/stm32cubemx/CMakeFiles/STM32_Drivers.dir/__/__/Core/Src/system_stm32f1xx.c.obj
 .debug_macro   0x00001111       0x1c cmake/stm32cubemx/CMakeFiles/STM32_Drivers.dir/__/__/Core/Src/system_stm32f1xx.c.obj
 .debug_macro   0x0000112d       0x22 cmake/stm32cubemx/CMakeFiles/STM32_Drivers.dir/__/__/Core/Src/system_stm32f1xx.c.obj
 .debug_macro   0x0000114f       0xbd cmake/stm32cubemx/CMakeFiles/STM32_Drivers.dir/__/__/Core/Src/system_stm32f1xx.c.obj
 .debug_macro   0x0000120c      0xd23 cmake/stm32cubemx/CMakeFiles/STM32_Drivers.dir/__/__/Core/Src/system_stm32f1xx.c.obj
 .debug_macro   0x00001f2f     0xe09e cmake/stm32cubemx/CMakeFiles/STM32_Drivers.dir/__/__/Core/Src/system_stm32f1xx.c.obj
 .debug_macro   0x0000ffcd       0x6d cmake/stm32cubemx/CMakeFiles/STM32_Drivers.dir/__/__/Core/Src/system_stm32f1xx.c.obj
 .debug_macro   0x0001003a      0x215 cmake/stm32cubemx/CMakeFiles/STM32_Drivers.dir/__/__/Core/Src/system_stm32f1xx.c.obj
 .debug_macro   0x0001024f     0x34a2 cmake/stm32cubemx/CMakeFiles/STM32_Drivers.dir/__/__/Core/Src/system_stm32f1xx.c.obj
 .debug_macro   0x000136f1      0x190 cmake/stm32cubemx/CMakeFiles/STM32_Drivers.dir/__/__/Core/Src/system_stm32f1xx.c.obj
 .debug_macro   0x00013881       0x5c cmake/stm32cubemx/CMakeFiles/STM32_Drivers.dir/__/__/Core/Src/system_stm32f1xx.c.obj
 .debug_macro   0x000138dd      0x5bc cmake/stm32cubemx/CMakeFiles/STM32_Drivers.dir/__/__/Core/Src/system_stm32f1xx.c.obj
 .debug_macro   0x00013e99      0x289 cmake/stm32cubemx/CMakeFiles/STM32_Drivers.dir/__/__/Core/Src/system_stm32f1xx.c.obj
 .debug_macro   0x00014122      0x1cb cmake/stm32cubemx/CMakeFiles/STM32_Drivers.dir/__/__/Core/Src/system_stm32f1xx.c.obj
 .debug_macro   0x000142ed      0x114 cmake/stm32cubemx/CMakeFiles/STM32_Drivers.dir/__/__/Core/Src/system_stm32f1xx.c.obj
 .debug_macro   0x00014401      0x1b2 cmake/stm32cubemx/CMakeFiles/STM32_Drivers.dir/__/__/Core/Src/system_stm32f1xx.c.obj
 .debug_macro   0x000145b3       0x27 cmake/stm32cubemx/CMakeFiles/STM32_Drivers.dir/__/__/Core/Src/system_stm32f1xx.c.obj
 .debug_macro   0x000145da      0x136 cmake/stm32cubemx/CMakeFiles/STM32_Drivers.dir/__/__/Core/Src/system_stm32f1xx.c.obj
 .debug_macro   0x00014710      0x1bc cmake/stm32cubemx/CMakeFiles/STM32_Drivers.dir/__/__/Core/Src/system_stm32f1xx.c.obj
 .debug_macro   0x000148cc       0x34 cmake/stm32cubemx/CMakeFiles/STM32_Drivers.dir/__/__/Core/Src/system_stm32f1xx.c.obj
 .debug_macro   0x00014900       0x3c cmake/stm32cubemx/CMakeFiles/STM32_Drivers.dir/__/__/Core/Src/system_stm32f1xx.c.obj
 .debug_macro   0x0001493c       0x57 cmake/stm32cubemx/CMakeFiles/STM32_Drivers.dir/__/__/Core/Src/system_stm32f1xx.c.obj
 .debug_macro   0x00014993       0x87 cmake/stm32cubemx/CMakeFiles/STM32_Drivers.dir/__/__/Core/Src/system_stm32f1xx.c.obj
 .debug_macro   0x00014a1a      0x240 cmake/stm32cubemx/CMakeFiles/STM32_Drivers.dir/__/__/Core/Src/system_stm32f1xx.c.obj
 .debug_macro   0x00014c5a      0x140 cmake/stm32cubemx/CMakeFiles/STM32_Drivers.dir/__/__/Core/Src/system_stm32f1xx.c.obj
 .debug_macro   0x00014d9a       0xb7 cmake/stm32cubemx/CMakeFiles/STM32_Drivers.dir/__/__/Core/Src/system_stm32f1xx.c.obj
 .debug_macro   0x00014e51      0x242 cmake/stm32cubemx/CMakeFiles/STM32_Drivers.dir/__/__/Core/Src/system_stm32f1xx.c.obj
 .debug_macro   0x00015093       0x83 cmake/stm32cubemx/CMakeFiles/STM32_Drivers.dir/__/__/Core/Src/system_stm32f1xx.c.obj
 .debug_macro   0x00015116      0x1b4 cmake/stm32cubemx/CMakeFiles/STM32_Drivers.dir/__/__/Drivers/STM32F1xx_HAL_Driver/Src/stm32f1xx_hal_pcd.c.obj
 .debug_macro   0x000152ca      0x1a8 cmake/stm32cubemx/CMakeFiles/STM32_Drivers.dir/__/__/Drivers/STM32F1xx_HAL_Driver/Src/stm32f1xx_hal_pcd_ex.c.obj
 .debug_macro   0x00015472      0x1a8 cmake/stm32cubemx/CMakeFiles/STM32_Drivers.dir/__/__/Drivers/STM32F1xx_HAL_Driver/Src/stm32f1xx_ll_usb.c.obj
 .debug_macro   0x0001561a      0x1cc cmake/stm32cubemx/CMakeFiles/STM32_Drivers.dir/__/__/Drivers/STM32F1xx_HAL_Driver/Src/stm32f1xx_hal.c.obj
 .debug_macro   0x000157e6      0x1ba cmake/stm32cubemx/CMakeFiles/STM32_Drivers.dir/__/__/Drivers/STM32F1xx_HAL_Driver/Src/stm32f1xx_hal_rcc.c.obj
 .debug_macro   0x000159a0      0x1a8 cmake/stm32cubemx/CMakeFiles/STM32_Drivers.dir/__/__/Drivers/STM32F1xx_HAL_Driver/Src/stm32f1xx_hal_rcc_ex.c.obj
 .debug_macro   0x00015b48      0x1a8 cmake/stm32cubemx/CMakeFiles/STM32_Drivers.dir/__/__/Drivers/STM32F1xx_HAL_Driver/Src/stm32f1xx_hal_cortex.c.obj
 .debug_macro   0x00015cf0      0x319 cmake/stm32cubemx/CMakeFiles/USB_Device_Library.dir/__/__/Middlewares/ST/STM32_USB_Device_Library/Core/Src/usbd_core.c.obj
 .debug_macro   0x00016009       0x6e cmake/stm32cubemx/CMakeFiles/USB_Device_Library.dir/__/__/Middlewares/ST/STM32_USB_Device_Library/Core/Src/usbd_core.c.obj
 .debug_macro   0x00016077       0x24 cmake/stm32cubemx/CMakeFiles/USB_Device_Library.dir/__/__/Middlewares/ST/STM32_USB_Device_Library/Core/Src/usbd_core.c.obj
 .debug_macro   0x0001609b       0x94 cmake/stm32cubemx/CMakeFiles/USB_Device_Library.dir/__/__/Middlewares/ST/STM32_USB_Device_Library/Core/Src/usbd_core.c.obj
 .debug_macro   0x0001612f       0x3c cmake/stm32cubemx/CMakeFiles/USB_Device_Library.dir/__/__/Middlewares/ST/STM32_USB_Device_Library/Core/Src/usbd_core.c.obj
 .debug_macro   0x0001616b       0x34 cmake/stm32cubemx/CMakeFiles/USB_Device_Library.dir/__/__/Middlewares/ST/STM32_USB_Device_Library/Core/Src/usbd_core.c.obj
 .debug_macro   0x0001619f       0x16 cmake/stm32cubemx/CMakeFiles/USB_Device_Library.dir/__/__/Middlewares/ST/STM32_USB_Device_Library/Core/Src/usbd_core.c.obj
 .debug_macro   0x000161b5       0x57 cmake/stm32cubemx/CMakeFiles/USB_Device_Library.dir/__/__/Middlewares/ST/STM32_USB_Device_Library/Core/Src/usbd_core.c.obj
 .debug_macro   0x0001620c       0x9e cmake/stm32cubemx/CMakeFiles/USB_Device_Library.dir/__/__/Middlewares/ST/STM32_USB_Device_Library/Core/Src/usbd_core.c.obj
 .debug_macro   0x000162aa      0x370 cmake/stm32cubemx/CMakeFiles/USB_Device_Library.dir/__/__/Middlewares/ST/STM32_USB_Device_Library/Core/Src/usbd_core.c.obj
 .debug_macro   0x0001661a      0x112 cmake/stm32cubemx/CMakeFiles/USB_Device_Library.dir/__/__/Middlewares/ST/STM32_USB_Device_Library/Core/Src/usbd_core.c.obj
 .debug_macro   0x0001672c       0x10 cmake/stm32cubemx/CMakeFiles/USB_Device_Library.dir/__/__/Middlewares/ST/STM32_USB_Device_Library/Core/Src/usbd_core.c.obj
 .debug_macro   0x0001673c       0x16 cmake/stm32cubemx/CMakeFiles/USB_Device_Library.dir/__/__/Middlewares/ST/STM32_USB_Device_Library/Core/Src/usbd_core.c.obj
 .debug_macro   0x00016752       0x4a cmake/stm32cubemx/CMakeFiles/USB_Device_Library.dir/__/__/Middlewares/ST/STM32_USB_Device_Library/Core/Src/usbd_core.c.obj
 .debug_macro   0x0001679c       0x34 cmake/stm32cubemx/CMakeFiles/USB_Device_Library.dir/__/__/Middlewares/ST/STM32_USB_Device_Library/Core/Src/usbd_core.c.obj
 .debug_macro   0x000167d0       0x10 cmake/stm32cubemx/CMakeFiles/USB_Device_Library.dir/__/__/Middlewares/ST/STM32_USB_Device_Library/Core/Src/usbd_core.c.obj
 .debug_macro   0x000167e0       0x58 cmake/stm32cubemx/CMakeFiles/USB_Device_Library.dir/__/__/Middlewares/ST/STM32_USB_Device_Library/Core/Src/usbd_core.c.obj
 .debug_macro   0x00016838      0x1e5 cmake/stm32cubemx/CMakeFiles/USB_Device_Library.dir/__/__/Middlewares/ST/STM32_USB_Device_Library/Core/Src/usbd_core.c.obj
 .debug_macro   0x00016a1d       0x16 cmake/stm32cubemx/CMakeFiles/USB_Device_Library.dir/__/__/Middlewares/ST/STM32_USB_Device_Library/Core/Src/usbd_core.c.obj
 .debug_macro   0x00016a33       0x16 cmake/stm32cubemx/CMakeFiles/USB_Device_Library.dir/__/__/Middlewares/ST/STM32_USB_Device_Library/Core/Src/usbd_core.c.obj
 .debug_macro   0x00016a49      0x170 cmake/stm32cubemx/CMakeFiles/USB_Device_Library.dir/__/__/Middlewares/ST/STM32_USB_Device_Library/Core/Src/usbd_core.c.obj
 .debug_macro   0x00016bb9       0x16 cmake/stm32cubemx/CMakeFiles/USB_Device_Library.dir/__/__/Middlewares/ST/STM32_USB_Device_Library/Core/Src/usbd_core.c.obj
 .debug_macro   0x00016bcf       0x3c cmake/stm32cubemx/CMakeFiles/USB_Device_Library.dir/__/__/Middlewares/ST/STM32_USB_Device_Library/Core/Src/usbd_core.c.obj
 .debug_macro   0x00016c0b       0x16 cmake/stm32cubemx/CMakeFiles/USB_Device_Library.dir/__/__/Middlewares/ST/STM32_USB_Device_Library/Core/Src/usbd_core.c.obj
 .debug_macro   0x00016c21       0x29 cmake/stm32cubemx/CMakeFiles/USB_Device_Library.dir/__/__/Middlewares/ST/STM32_USB_Device_Library/Core/Src/usbd_core.c.obj
 .debug_macro   0x00016c4a       0x16 cmake/stm32cubemx/CMakeFiles/USB_Device_Library.dir/__/__/Middlewares/ST/STM32_USB_Device_Library/Core/Src/usbd_core.c.obj
 .debug_macro   0x00016c60       0x20 cmake/stm32cubemx/CMakeFiles/USB_Device_Library.dir/__/__/Middlewares/ST/STM32_USB_Device_Library/Core/Src/usbd_core.c.obj
 .debug_macro   0x00016c80       0x56 cmake/stm32cubemx/CMakeFiles/USB_Device_Library.dir/__/__/Middlewares/ST/STM32_USB_Device_Library/Core/Src/usbd_core.c.obj
 .debug_macro   0x00016cd6       0x5f cmake/stm32cubemx/CMakeFiles/USB_Device_Library.dir/__/__/Middlewares/ST/STM32_USB_Device_Library/Core/Src/usbd_core.c.obj
 .debug_macro   0x00016d35      0x1ce cmake/stm32cubemx/CMakeFiles/USB_Device_Library.dir/__/__/Middlewares/ST/STM32_USB_Device_Library/Core/Src/usbd_core.c.obj
 .debug_macro   0x00016f03      0x323 cmake/stm32cubemx/CMakeFiles/USB_Device_Library.dir/__/__/Middlewares/ST/STM32_USB_Device_Library/Core/Src/usbd_ctlreq.c.obj
 .debug_macro   0x00017226      0x1c8 cmake/stm32cubemx/CMakeFiles/USB_Device_Library.dir/__/__/Middlewares/ST/STM32_USB_Device_Library/Core/Src/usbd_ctlreq.c.obj
 .debug_macro   0x000173ee      0x31f cmake/stm32cubemx/CMakeFiles/USB_Device_Library.dir/__/__/Middlewares/ST/STM32_USB_Device_Library/Core/Src/usbd_ioreq.c.obj
 .debug_macro   0x0001770d      0x332 cmake/stm32cubemx/CMakeFiles/USB_Device_Library.dir/__/__/Middlewares/ST/STM32_USB_Device_Library/Class/HID/Src/usbd_hid.c.obj
 .debug_macro   0x00017a3f       0x5e cmake/stm32cubemx/CMakeFiles/USB_Device_Library.dir/__/__/Middlewares/ST/STM32_USB_Device_Library/Class/HID/Src/usbd_hid.c.obj
 .debug_macro   0x00017a9d      0x33c CMakeFiles/keyboard_repair_lenovo_based_on_stm32f103c8t6.dir/USB_DEVICE/Target/usbd_conf.c.obj
 .debug_macro   0x00017dd9       0x74 CMakeFiles/keyboard_repair_lenovo_based_on_stm32f103c8t6.dir/USB_DEVICE/Target/usbd_conf.c.obj
 .debug_macro   0x00017e4d      0x34f CMakeFiles/keyboard_repair_lenovo_based_on_stm32f103c8t6.dir/USB_DEVICE/App/usb_device.c.obj
 .debug_macro   0x0001819c       0x22 CMakeFiles/keyboard_repair_lenovo_based_on_stm32f103c8t6.dir/USB_DEVICE/App/usb_device.c.obj
 .debug_macro   0x000181be      0x356 CMakeFiles/keyboard_repair_lenovo_based_on_stm32f103c8t6.dir/USB_DEVICE/App/usbd_desc.c.obj
 .debug_macro   0x00018514       0x1c CMakeFiles/keyboard_repair_lenovo_based_on_stm32f103c8t6.dir/USB_DEVICE/App/usbd_desc.c.obj
 .debug_macro   0x00018530      0x342 CMakeFiles/keyboard_repair_lenovo_based_on_stm32f103c8t6.dir/Core/Src/main.c.obj
 .debug_macro   0x00018872      0x1bc CMakeFiles/keyboard_repair_lenovo_based_on_stm32f103c8t6.dir/Core/Src/stm32f1xx_it.c.obj
 .debug_macro   0x00018a2e      0x1b2 CMakeFiles/keyboard_repair_lenovo_based_on_stm32f103c8t6.dir/Core/Src/stm32f1xx_hal_msp.c.obj

.debug_line     0x00000000     0xcb5d
 .debug_line    0x00000000      0x74e cmake/stm32cubemx/CMakeFiles/STM32_Drivers.dir/__/__/Core/Src/system_stm32f1xx.c.obj
 .debug_line    0x0000074e     0x1304 cmake/stm32cubemx/CMakeFiles/STM32_Drivers.dir/__/__/Drivers/STM32F1xx_HAL_Driver/Src/stm32f1xx_hal_pcd.c.obj
 .debug_line    0x00001a52      0x749 cmake/stm32cubemx/CMakeFiles/STM32_Drivers.dir/__/__/Drivers/STM32F1xx_HAL_Driver/Src/stm32f1xx_hal_pcd_ex.c.obj
 .debug_line    0x0000219b     0x10ef cmake/stm32cubemx/CMakeFiles/STM32_Drivers.dir/__/__/Drivers/STM32F1xx_HAL_Driver/Src/stm32f1xx_ll_usb.c.obj
 .debug_line    0x0000328a      0x97f cmake/stm32cubemx/CMakeFiles/STM32_Drivers.dir/__/__/Drivers/STM32F1xx_HAL_Driver/Src/stm32f1xx_hal.c.obj
 .debug_line    0x00003c09      0xe38 cmake/stm32cubemx/CMakeFiles/STM32_Drivers.dir/__/__/Drivers/STM32F1xx_HAL_Driver/Src/stm32f1xx_hal_rcc.c.obj
 .debug_line    0x00004a41      0x8e9 cmake/stm32cubemx/CMakeFiles/STM32_Drivers.dir/__/__/Drivers/STM32F1xx_HAL_Driver/Src/stm32f1xx_hal_rcc_ex.c.obj
 .debug_line    0x0000532a      0xb49 cmake/stm32cubemx/CMakeFiles/STM32_Drivers.dir/__/__/Drivers/STM32F1xx_HAL_Driver/Src/stm32f1xx_hal_cortex.c.obj
 .debug_line    0x00005e73      0xd0d cmake/stm32cubemx/CMakeFiles/USB_Device_Library.dir/__/__/Middlewares/ST/STM32_USB_Device_Library/Core/Src/usbd_core.c.obj
 .debug_line    0x00006b80      0xf57 cmake/stm32cubemx/CMakeFiles/USB_Device_Library.dir/__/__/Middlewares/ST/STM32_USB_Device_Library/Core/Src/usbd_ctlreq.c.obj
 .debug_line    0x00007ad7      0x9c3 cmake/stm32cubemx/CMakeFiles/USB_Device_Library.dir/__/__/Middlewares/ST/STM32_USB_Device_Library/Core/Src/usbd_ioreq.c.obj
 .debug_line    0x0000849a      0xbc4 cmake/stm32cubemx/CMakeFiles/USB_Device_Library.dir/__/__/Middlewares/ST/STM32_USB_Device_Library/Class/HID/Src/usbd_hid.c.obj
 .debug_line    0x0000905e      0xd63 CMakeFiles/keyboard_repair_lenovo_based_on_stm32f103c8t6.dir/USB_DEVICE/Target/usbd_conf.c.obj
 .debug_line    0x00009dc1      0x9c8 CMakeFiles/keyboard_repair_lenovo_based_on_stm32f103c8t6.dir/USB_DEVICE/App/usb_device.c.obj
 .debug_line    0x0000a789      0xa3c CMakeFiles/keyboard_repair_lenovo_based_on_stm32f103c8t6.dir/USB_DEVICE/App/usbd_desc.c.obj
 .debug_line    0x0000b1c5      0xaba CMakeFiles/keyboard_repair_lenovo_based_on_stm32f103c8t6.dir/Core/Src/main.c.obj
 .debug_line    0x0000bc7f      0x796 CMakeFiles/keyboard_repair_lenovo_based_on_stm32f103c8t6.dir/Core/Src/stm32f1xx_it.c.obj
 .debug_line    0x0000c415      0x6d0 CMakeFiles/keyboard_repair_lenovo_based_on_stm32f103c8t6.dir/Core/Src/stm32f1xx_hal_msp.c.obj
 .debug_line    0x0000cae5       0x78 CMakeFiles/keyboard_repair_lenovo_based_on_stm32f103c8t6.dir/startup_stm32f103xb.s.obj

.debug_str      0x00000000    0x84264
 .debug_str     0x00000000    0x84264 cmake/stm32cubemx/CMakeFiles/STM32_Drivers.dir/__/__/Core/Src/system_stm32f1xx.c.obj
                              0x7d851 (size before relaxing)
 .debug_str     0x00084264    0x7e16e cmake/stm32cubemx/CMakeFiles/STM32_Drivers.dir/__/__/Drivers/STM32F1xx_HAL_Driver/Src/stm32f1xx_hal_pcd.c.obj
 .debug_str     0x00084264    0x7dcd0 cmake/stm32cubemx/CMakeFiles/STM32_Drivers.dir/__/__/Drivers/STM32F1xx_HAL_Driver/Src/stm32f1xx_hal_pcd_ex.c.obj
 .debug_str     0x00084264    0x7dd22 cmake/stm32cubemx/CMakeFiles/STM32_Drivers.dir/__/__/Drivers/STM32F1xx_HAL_Driver/Src/stm32f1xx_ll_usb.c.obj
 .debug_str     0x00084264    0x7df84 cmake/stm32cubemx/CMakeFiles/STM32_Drivers.dir/__/__/Drivers/STM32F1xx_HAL_Driver/Src/stm32f1xx_hal.c.obj
 .debug_str     0x00084264    0x7dc80 cmake/stm32cubemx/CMakeFiles/STM32_Drivers.dir/__/__/Drivers/STM32F1xx_HAL_Driver/Src/stm32f1xx_hal_rcc.c.obj
 .debug_str     0x00084264    0x7d9d0 cmake/stm32cubemx/CMakeFiles/STM32_Drivers.dir/__/__/Drivers/STM32F1xx_HAL_Driver/Src/stm32f1xx_hal_rcc_ex.c.obj
 .debug_str     0x00084264    0x7ded0 cmake/stm32cubemx/CMakeFiles/STM32_Drivers.dir/__/__/Drivers/STM32F1xx_HAL_Driver/Src/stm32f1xx_hal_cortex.c.obj
 .debug_str     0x00084264    0x81b5a cmake/stm32cubemx/CMakeFiles/USB_Device_Library.dir/__/__/Middlewares/ST/STM32_USB_Device_Library/Core/Src/usbd_core.c.obj
 .debug_str     0x00084264    0x81a74 cmake/stm32cubemx/CMakeFiles/USB_Device_Library.dir/__/__/Middlewares/ST/STM32_USB_Device_Library/Core/Src/usbd_ctlreq.c.obj
 .debug_str     0x00084264    0x819a1 cmake/stm32cubemx/CMakeFiles/USB_Device_Library.dir/__/__/Middlewares/ST/STM32_USB_Device_Library/Core/Src/usbd_ioreq.c.obj
 .debug_str     0x00084264    0x81cbf cmake/stm32cubemx/CMakeFiles/USB_Device_Library.dir/__/__/Middlewares/ST/STM32_USB_Device_Library/Class/HID/Src/usbd_hid.c.obj
 .debug_str     0x00084264    0x82654 CMakeFiles/keyboard_repair_lenovo_based_on_stm32f103c8t6.dir/USB_DEVICE/Target/usbd_conf.c.obj
 .debug_str     0x00084264    0x81b16 CMakeFiles/keyboard_repair_lenovo_based_on_stm32f103c8t6.dir/USB_DEVICE/App/usb_device.c.obj
 .debug_str     0x00084264    0x818d7 CMakeFiles/keyboard_repair_lenovo_based_on_stm32f103c8t6.dir/USB_DEVICE/App/usbd_desc.c.obj
 .debug_str     0x00084264    0x81d24 CMakeFiles/keyboard_repair_lenovo_based_on_stm32f103c8t6.dir/Core/Src/main.c.obj
 .debug_str     0x00084264    0x7dc05 CMakeFiles/keyboard_repair_lenovo_based_on_stm32f103c8t6.dir/Core/Src/stm32f1xx_it.c.obj
 .debug_str     0x00084264    0x7d826 CMakeFiles/keyboard_repair_lenovo_based_on_stm32f103c8t6.dir/Core/Src/stm32f1xx_hal_msp.c.obj
 .debug_str     0x00084264       0xf2 CMakeFiles/keyboard_repair_lenovo_based_on_stm32f103c8t6.dir/startup_stm32f103xb.s.obj

.debug_line_str
                0x00000000       0xd6
 .debug_line_str
                0x00000000       0xd6 CMakeFiles/keyboard_repair_lenovo_based_on_stm32f103c8t6.dir/startup_stm32f103xb.s.obj
